Component: ARM Compiler 5.06 update 7 (build 960) Tool: armlink [4d3601]

==============================================================================

Section Cross References

    startup_stm32g431xx.o(RESET) refers to startup_stm32g431xx.o(STACK) for __initial_sp
    startup_stm32g431xx.o(RESET) refers to startup_stm32g431xx.o(.text) for Reset_Handler
    startup_stm32g431xx.o(RESET) refers to stm32g4xx_it.o(i.NMI_Handler) for NMI_Handler
    startup_stm32g431xx.o(RESET) refers to stm32g4xx_it.o(i.HardFault_Handler) for HardFault_Handler
    startup_stm32g431xx.o(RESET) refers to stm32g4xx_it.o(i.MemManage_Handler) for MemManage_Handler
    startup_stm32g431xx.o(RESET) refers to stm32g4xx_it.o(i.BusFault_Handler) for BusFault_Handler
    startup_stm32g431xx.o(RESET) refers to stm32g4xx_it.o(i.UsageFault_Handler) for UsageFault_Handler
    startup_stm32g431xx.o(RESET) refers to stm32g4xx_it.o(i.SVC_Handler) for SVC_Handler
    startup_stm32g431xx.o(RESET) refers to stm32g4xx_it.o(i.DebugMon_Handler) for DebugMon_Handler
    startup_stm32g431xx.o(RESET) refers to stm32g4xx_it.o(i.PendSV_Handler) for PendSV_Handler
    startup_stm32g431xx.o(RESET) refers to stm32g4xx_it.o(i.SysTick_Handler) for SysTick_Handler
    startup_stm32g431xx.o(RESET) refers to stm32g4xx_it.o(i.EXTI4_IRQHandler) for EXTI4_IRQHandler
    startup_stm32g431xx.o(RESET) refers to stm32g4xx_it.o(i.DMA1_Channel1_IRQHandler) for DMA1_Channel1_IRQHandler
    startup_stm32g431xx.o(RESET) refers to stm32g4xx_it.o(i.DMA1_Channel2_IRQHandler) for DMA1_Channel2_IRQHandler
    startup_stm32g431xx.o(RESET) refers to stm32g4xx_it.o(i.TIM1_UP_TIM16_IRQHandler) for TIM1_UP_TIM16_IRQHandler
    startup_stm32g431xx.o(RESET) refers to stm32g4xx_it.o(i.USART1_IRQHandler) for USART1_IRQHandler
    startup_stm32g431xx.o(.text) refers to system_stm32g4xx.o(i.SystemInit) for SystemInit
    startup_stm32g431xx.o(.text) refers to entry.o(.ARM.Collect$$$$00000000) for __main
    main.o(i.SystemClock_Config) refers to memseta.o(.text) for __aeabi_memclr4
    main.o(i.SystemClock_Config) refers to stm32g4xx_hal_pwr_ex.o(i.HAL_PWREx_ControlVoltageScaling) for HAL_PWREx_ControlVoltageScaling
    main.o(i.SystemClock_Config) refers to stm32g4xx_hal_rcc.o(i.HAL_RCC_OscConfig) for HAL_RCC_OscConfig
    main.o(i.SystemClock_Config) refers to main.o(i.Error_Handler) for Error_Handler
    main.o(i.SystemClock_Config) refers to stm32g4xx_hal_rcc.o(i.HAL_RCC_ClockConfig) for HAL_RCC_ClockConfig
    main.o(i.main) refers to stm32g4xx_hal.o(i.HAL_Init) for HAL_Init
    main.o(i.main) refers to main.o(i.SystemClock_Config) for SystemClock_Config
    main.o(i.main) refers to delay.o(i.delay_init) for delay_init
    main.o(i.main) refers to gpio.o(i.MX_GPIO_Init) for MX_GPIO_Init
    main.o(i.main) refers to dma.o(i.MX_DMA_Init) for MX_DMA_Init
    main.o(i.main) refers to spi.o(i.MX_SPI1_Init) for MX_SPI1_Init
    main.o(i.main) refers to spi.o(i.MX_SPI3_Init) for MX_SPI3_Init
    main.o(i.main) refers to usart.o(i.MX_USART1_UART_Init) for MX_USART1_UART_Init
    main.o(i.main) refers to tim.o(i.MX_TIM1_Init) for MX_TIM1_Init
    main.o(i.main) refers to stm32g4xx_hal_gpio.o(i.HAL_GPIO_WritePin) for HAL_GPIO_WritePin
    main.o(i.main) refers to icm45686_task.o(i.imu_init) for imu_init
    main.o(i.main) refers to angle.o(i.IMU_Calibration) for IMU_Calibration
    main.o(i.main) refers to stm32g4xx_hal_gpio.o(i.HAL_GPIO_TogglePin) for HAL_GPIO_TogglePin
    main.o(i.main) refers to delay.o(i.delay_ms) for delay_ms
    main.o(i.main) refers to stm32g4xx_hal_tim.o(i.HAL_TIM_Base_Start_IT) for HAL_TIM_Base_Start_IT
    main.o(i.main) refers to icm45686_task.o(.bss) for myIMU1
    main.o(i.main) refers to tim.o(.bss) for htim1
    gpio.o(i.HAL_GPIO_EXTI_Callback) refers to angle.o(i.IMU_DataUpdate) for IMU_DataUpdate
    gpio.o(i.HAL_GPIO_EXTI_Callback) refers to icm45686_task.o(.bss) for myIMU1
    gpio.o(i.MX_GPIO_Init) refers to memseta.o(.text) for __aeabi_memclr4
    gpio.o(i.MX_GPIO_Init) refers to stm32g4xx_hal_gpio.o(i.HAL_GPIO_WritePin) for HAL_GPIO_WritePin
    gpio.o(i.MX_GPIO_Init) refers to stm32g4xx_hal_gpio.o(i.HAL_GPIO_Init) for HAL_GPIO_Init
    gpio.o(i.MX_GPIO_Init) refers to stm32g4xx_hal_cortex.o(i.HAL_NVIC_SetPriority) for HAL_NVIC_SetPriority
    gpio.o(i.MX_GPIO_Init) refers to stm32g4xx_hal_cortex.o(i.HAL_NVIC_EnableIRQ) for HAL_NVIC_EnableIRQ
    dma.o(i.MX_DMA_Init) refers to stm32g4xx_hal_cortex.o(i.HAL_NVIC_SetPriority) for HAL_NVIC_SetPriority
    dma.o(i.MX_DMA_Init) refers to stm32g4xx_hal_cortex.o(i.HAL_NVIC_EnableIRQ) for HAL_NVIC_EnableIRQ
    spi.o(i.HAL_SPI_MspDeInit) refers to stm32g4xx_hal_gpio.o(i.HAL_GPIO_DeInit) for HAL_GPIO_DeInit
    spi.o(i.HAL_SPI_MspInit) refers to memseta.o(.text) for __aeabi_memclr4
    spi.o(i.HAL_SPI_MspInit) refers to stm32g4xx_hal_gpio.o(i.HAL_GPIO_Init) for HAL_GPIO_Init
    spi.o(i.MX_SPI1_Init) refers to stm32g4xx_hal_spi.o(i.HAL_SPI_Init) for HAL_SPI_Init
[...]
    i.DebugMon_Handler                       0x0800086c   Section        0  stm32g4xx_it.o(i.DebugMon_Handler)
    i.EXTI4_IRQHandler                       0x0800086e   Section        0  stm32g4xx_it.o(i.EXTI4_IRQHandler)
    i.Error_Handler                          0x08000878   Section        0  main.o(i.Error_Handler)
    i.HAL_DMA_Abort                          0x0800087e   Section        0  stm32g4xx_hal_dma.o(i.HAL_DMA_Abort)
    i.HAL_DMA_Abort_IT                       0x080008f4   Section        0  stm32g4xx_hal_dma.o(i.HAL_DMA_Abort_IT)
    i.HAL_DMA_IRQHandler                     0x08000988   Section        0  stm32g4xx_hal_dma.o(i.HAL_DMA_IRQHandler)
    i.HAL_DMA_Init                           0x08000a88   Section        0  stm32g4xx_hal_dma.o(i.HAL_DMA_Init)
    i.HAL_DMA_Start_IT                       0x08000b58   Section        0  stm32g4xx_hal_dma.o(i.HAL_DMA_Start_IT)
    i.HAL_GPIO_EXTI_Callback                 0x08000c1c   Section        0  gpio.o(i.HAL_GPIO_EXTI_Callback)
    i.HAL_GPIO_EXTI_IRQHandler               0x08000c48   Section        0  stm32g4xx_hal_gpio.o(i.HAL_GPIO_EXTI_IRQHandler)
    i.HAL_GPIO_Init                          0x08000c64   Section        0  stm32g4xx_hal_gpio.o(i.HAL_GPIO_Init)
    i.HAL_GPIO_TogglePin                     0x08000e30   Section        0  stm32g4xx_hal_gpio.o(i.HAL_GPIO_TogglePin)
    i.HAL_GPIO_WritePin                      0x08000e44   Section        0  stm32g4xx_hal_gpio.o(i.HAL_GPIO_WritePin)
    i.HAL_GetTick                            0x08000e50   Section        0  stm32g4xx_hal.o(i.HAL_GetTick)
    i.HAL_IncTick                            0x08000e5c   Section        0  stm32g4xx_hal.o(i.HAL_IncTick)
    i.HAL_Init                               0x08000e74   Section        0  stm32g4xx_hal.o(i.HAL_Init)
    i.HAL_InitTick                           0x08000e94   Section        0  stm32g4xx_hal.o(i.HAL_InitTick)
    i.HAL_MspInit                            0x08000eec   Section        0  stm32g4xx_hal_msp.o(i.HAL_MspInit)
    i.HAL_NVIC_EnableIRQ                     0x08000f34   Section        0  stm32g4xx_hal_cortex.o(i.HAL_NVIC_EnableIRQ)
    i.HAL_NVIC_SetPriority                   0x08000f5c   Section        0  stm32g4xx_hal_cortex.o(i.HAL_NVIC_SetPriority)
    i.HAL_NVIC_SetPriorityGrouping           0x08000fd8   Section        0  stm32g4xx_hal_cortex.o(i.HAL_NVIC_SetPriorityGrouping)
    i.HAL_PWREx_ControlVoltageScaling        0x08001000   Section        0  stm32g4xx_hal_pwr_ex.o(i.HAL_PWREx_ControlVoltageScaling)
    i.HAL_PWREx_DisableUCPDDeadBattery       0x08001118   Section        0  stm32g4xx_hal_pwr_ex.o(i.HAL_PWREx_DisableUCPDDeadBattery)
    i.HAL_RCCEx_PeriphCLKConfig              0x0800112c   Section        0  stm32g4xx_hal_rcc_ex.o(i.HAL_RCCEx_PeriphCLKConfig)
    i.HAL_RCC_ClockConfig                    0x0800149c   Section        0  stm32g4xx_hal_rcc.o(i.HAL_RCC_ClockConfig)
    i.HAL_RCC_GetHCLKFreq                    0x080016c0   Section        0  stm32g4xx_hal_rcc.o(i.HAL_RCC_GetHCLKFreq)
    i.HAL_RCC_GetPCLK1Freq                   0x080016cc   Section        0  stm32g4xx_hal_rcc.o(i.HAL_RCC_GetPCLK1Freq)
    i.HAL_RCC_GetPCLK2Freq                   0x080016f0   Section        0  stm32g4xx_hal_rcc.o(i.HAL_RCC_GetPCLK2Freq)
    i.HAL_RCC_GetSysClockFreq                0x08001714   Section        0  stm32g4xx_hal_rcc.o(i.HAL_RCC_GetSysClockFreq)
    i.HAL_RCC_OscConfig                      0x080017a8   Section        0  stm32g4xx_hal_rcc.o(i.HAL_RCC_OscConfig)
    i.HAL_SPI_Init                           0x08001d04   Section        0  stm32g4xx_hal_spi.o(i.HAL_SPI_Init)
    i.HAL_SPI_MspInit                        0x08001e00   Section        0  spi.o(i.HAL_SPI_MspInit)
    i.HAL_SPI_Receive                        0x08001ed8   Section        0  stm32g4xx_hal_spi.o(i.HAL_SPI_Receive)
    i.HAL_SPI_Transmit                       0x08002090   Section        0  stm32g4xx_hal_spi.o(i.HAL_SPI_Transmit)
    i.HAL_SPI_TransmitReceive                0x0800228a   Section        0  stm32g4xx_hal_spi.o(i.HAL_SPI_TransmitReceive)
    i.HAL_SYSTICK_CLKSourceConfig            0x08002564   Section        0  stm32g4xx_hal_cortex.o(i.HAL_SYSTICK_CLKSourceConfig)
    i.HAL_SYSTICK_Config                     0x0800258c   Section        0  stm32g4xx_hal_cortex.o(i.HAL_SYSTICK_Config)
    i.HAL_TIMEx_Break2Callback               0x080025c0   Section        0  stm32g4xx_hal_tim_ex.o(i.HAL_TIMEx_Break2Callback)
    i.HAL_TIMEx_BreakCallback                0x080025c2   Section        0  stm32g4xx_hal_tim_ex.o(i.HAL_TIMEx_BreakCallback)
    i.HAL_TIMEx_CommutCallback               0x080025c4   Section        0  stm32g4xx_hal_tim_ex.o(i.HAL_TIMEx_CommutCallback)
    i.HAL_TIMEx_DirectionChangeCallback      0x080025c6   Section        0  stm32g4xx_hal_tim_ex.o(i.HAL_TIMEx_DirectionChangeCallback)
    i.HAL_TIMEx_EncoderIndexCallback         0x080025c8   Section        0  stm32g4xx_hal_tim_ex.o(i.HAL_TIMEx_EncoderIndexCallback)
    i.HAL_TIMEx_IndexErrorCallback           0x080025ca   Section        0  stm32g4xx_hal_tim_ex.o(i.HAL_TIMEx_IndexErrorCallback)
    i.HAL_TIMEx_MasterConfigSynchronization  0x080025cc   Section        0  stm32g4xx_hal_tim_ex.o(i.HAL_TIMEx_MasterConfigSynchronization)
    i.HAL_TIMEx_TransitionErrorCallback      0x08002684   Section        0  stm32g4xx_hal_tim_ex.o(i.HAL_TIMEx_TransitionErrorCallback)
    i.HAL_TIM_Base_Init                      0x08002686   Section        0  stm32g4xx_hal_tim.o(i.HAL_TIM_Base_Init)
    i.HAL_TIM_Base_MspInit                   0x080026f4   Section        0  tim.o(i.HAL_TIM_Base_MspInit)
    i.HAL_TIM_Base_Start_IT                  0x08002738   Section        0  stm32g4xx_hal_tim.o(i.HAL_TIM_Base_Start_IT)
    i.HAL_TIM_ConfigClockSource              0x080027d4   Section        0  stm32g4xx_hal_tim.o(i.HAL_TIM_ConfigClockSource)
    i.HAL_TIM_IC_CaptureCallback             0x08002908   Section        0  stm32g4xx_hal_tim.o(i.HAL_TIM_IC_CaptureCallback)
    i.HAL_TIM_IRQHandler                     0x0800290a   Section        0  stm32g4xx_hal_tim.o(i.HAL_TIM_IRQHandler)
    i.HAL_TIM_OC_DelayElapsedCallback        0x08002b2a   Section        0  stm32g4xx_hal_tim.o(i.HAL_TIM_OC_DelayElapsedCallback)
    i.HAL_TIM_PWM_PulseFinishedCallback      0x08002b2c   Section        0  stm32g4xx_hal_tim.o(i.HAL_TIM_PWM_PulseFinishedCallback)
    i.HAL_TIM_PeriodElapsedCallback          0x08002b30   Section        0  tim.o(i.HAL_TIM_PeriodElapsedCallback)
    i.HAL_TIM_TriggerCallback                0x08002c54   Section        0  stm32g4xx_hal_tim.o(i.HAL_TIM_TriggerCallback)
    i.HAL_UARTEx_DisableFifoMode             0x08002c56   Section        0  stm32g4xx_hal_uart_ex.o(i.HAL_UARTEx_DisableFifoMode)
    i.HAL_UARTEx_RxEventCallback             0x08002ca4   Section        0  stm32g4xx_hal_uart.o(i.HAL_UARTEx_RxEventCallback)
    i.HAL_UARTEx_RxFifoFullCallback          0x08002ca6   Section        0  stm32g4xx_hal_uart_ex.o(i.HAL_UARTEx_RxFifoFullCallback)
    i.HAL_UARTEx_SetRxFifoThreshold          0x08002ca8   Section        0  stm32g4xx_hal_uart_ex.o(i.HAL_UARTEx_SetRxFifoThreshold)
    i.HAL_UARTEx_SetTxFifoThreshold          0x08002d06   Section        0  stm32g4xx_hal_uart_ex.o(i.HAL_UARTEx_SetTxFifoThreshold)
    i.HAL_UARTEx_TxFifoEmptyCallback         0x08002d64   Section        0  stm32g4xx_hal_uart_ex.o(i.HAL_UARTEx_TxFifoEmptyCallback)
    i.HAL_UARTEx_WakeupCallback              0x08002d66   Section        0  stm32g4xx_hal_uart_ex.o(i.HAL_UARTEx_WakeupCallback)
    i.HAL_UART_ErrorCallback                 0x08002d68   Section        0  stm32g4xx_hal_uart.o(i.HAL_UART_ErrorCallback)
    i.HAL_UART_IRQHandler                    0x08002d6c   Section        0  stm32g4xx_hal_uart.o(i.HAL_UART_IRQHandler)
    i.HAL_UART_Init                          0x0800313c   Section        0  stm32g4xx_hal_uart.o(i.HAL_UART_Init)
    i.HAL_UART_MspInit                       0x080031b4   Section        0  usart.o(i.HAL_UART_MspInit)
    i.HAL_UART_Transmit                      0x080032d4   Section        0  stm32g4xx_hal_uart.o(i.HAL_UART_Transmit)
    i.HAL_UART_Transmit_DMA                  0x08003398   Section        0  stm32g4xx_hal_uart.o(i.HAL_UART_Transmit_DMA)
    i.HAL_UART_TxCpltCallback                0x08003438   Section        0  stm32g4xx_hal_uart.o(i.HAL_UART_TxCpltCallback)
    i.HAL_UART_TxHalfCpltCallback            0x0800343a   Section        0  stm32g4xx_hal_uart.o(i.HAL_UART_TxHalfCpltCallback)
    i.HardFault_Handler                      0x0800343c   Section        0  stm32g4xx_it.o(i.HardFault_Handler)
    i.IMU_Calibration                        0x08003440   Section        0  angle.o(i.IMU_Calibration)
    i.IMU_DataUpdate                         0x08003b1c   Section        0  angle.o(i.IMU_DataUpdate)
    i.IMU_GetAngle                           0x08003bb0   Section        0  angle.o(i.IMU_GetAngle)
    i.MX_DMA_Init                            0x080040a0   Section        0  dma.o(i.MX_DMA_Init)
    i.MX_GPIO_Init                           0x08004100   Section        0  gpio.o(i.MX_GPIO_Init)
    i.MX_SPI1_Init                           0x080041f0   Section        0  spi.o(i.MX_SPI1_Init)
    i.MX_SPI3_Init                           0x08004240   Section        0  spi.o(i.MX_SPI3_Init)
    i.MX_TIM1_Init                           0x08004290   Section        0  tim.o(i.MX_TIM1_Init)
    i.MX_USART1_UART_Init                    0x08004304   Section        0  usart.o(i.MX_USART1_UART_Init)
    i.MemManage_Handler                      0x08004370   Section        0  stm32g4xx_it.o(i.MemManage_Handler)
    i.NMI_Handler                            0x08004374   Section        0  stm32g4xx_it.o(i.NMI_Handler)
    i.PendSV_Handler                         0x08004378   Section        0  stm32g4xx_it.o(i.PendSV_Handler)
    i.RCC_GetSysClockFreqFromPLLSource       0x0800437c   Section        0  stm32g4xx_hal_rcc.o(i.RCC_GetSysClockFreqFromPLLSource)
    RCC_GetSysClockFreqFromPLLSource         0x0800437d   Thumb Code    90  stm32g4xx_hal_rcc.o(i.RCC_GetSysClockFreqFromPLLSource)
    i.SPI_EndRxTransaction                   0x080043e0   Section        0  stm32g4xx_hal_spi.o(i.SPI_EndRxTransaction)
    SPI_EndRxTransaction                     0x080043e1   Thumb Code   130  stm32g4xx_hal_spi.o(i.SPI_EndRxTransaction)
    i.SPI_EndRxTxTransaction                 0x08004462   Section        0  stm32g4xx_hal_spi.o(i.SPI_EndRxTxTransaction)
    SPI_EndRxTxTransaction                   0x08004463   Thumb Code   100  stm32g4xx_hal_spi.o(i.SPI_EndRxTxTransaction)
    i.SPI_WaitFifoStateUntilTimeout          0x080044c8   Section        0  stm32g4xx_hal_spi.o(i.SPI_WaitFifoStateUntilTimeout)
    SPI_WaitFifoStateUntilTimeout            0x080044c9   Thumb Code   242  stm32g4xx_hal_spi.o(i.SPI_WaitFifoStateUntilTimeout)
    i.SPI_WaitFlagStateUntilTimeout          0x080045c0   Section        0  stm32g4xx_hal_spi.o(i.SPI_WaitFlagStateUntilTimeout)
    SPI_WaitFlagStateUntilTimeout            0x080045c1   Thumb Code   210  stm32g4xx_hal_spi.o(i.SPI_WaitFlagStateUntilTimeout)
    i.SVC_Handler                            0x08004698   Section        0  stm32g4xx_it.o(i.SVC_Handler)
    i.SysTick_Handler                        0x0800469a   Section        0  stm32g4xx_it.o(i.SysTick_Handler)
    i.SystemClock_Config                     0x080046a2   Section        0  main.o(i.SystemClock_Config)
    i.SystemInit                             0x0800470c   Section        0  system_stm32g4xx.o(i.SystemInit)
    i.TIM1_UP_TIM16_IRQHandler               0x08004720   Section        0  stm32g4xx_it.o(i.TIM1_UP_TIM16_IRQHandler)
    i.TIM_Base_SetConfig                     0x08004730   Section        0  stm32g4xx_hal_tim.o(i.TIM_Base_SetConfig)
    i.TIM_ETR_SetConfig                      0x080047fc   Section        0  stm32g4xx_hal_tim.o(i.TIM_ETR_SetConfig)
    i.TIM_ITRx_SetConfig                     0x08004814   Section        0  stm32g4xx_hal_tim.o(i.TIM_ITRx_SetConfig)
    TIM_ITRx_SetConfig                       0x08004815   Thumb Code    18  stm32g4xx_hal_tim.o(i.TIM_ITRx_SetConfig)
    i.TIM_TI1_ConfigInputStage               0x0800482c   Section        0  stm32g4xx_hal_tim.o(i.TIM_TI1_ConfigInputStage)
    TIM_TI1_ConfigInputStage                 0x0800482d   Thumb Code    38  stm32g4xx_hal_tim.o(i.TIM_TI1_ConfigInputStage)
    i.TIM_TI2_ConfigInputStage               0x08004852   Section        0  stm32g4xx_hal_tim.o(i.TIM_TI2_ConfigInputStage)
    TIM_TI2_ConfigInputStage                 0x08004853   Thumb Code    40  stm32g4xx_hal_tim.o(i.TIM_TI2_ConfigInputStage)
    i.UARTEx_SetNbDataToProcess              0x0800487c   Section        0  stm32g4xx_hal_uart_ex.o(i.UARTEx_SetNbDataToProcess)
    UARTEx_SetNbDataToProcess                0x0800487d   Thumb Code    78  stm32g4xx_hal_uart_ex.o(i.UARTEx_SetNbDataToProcess)
    i.UART_AdvFeatureConfig                  0x080048d4   Section        0  stm32g4xx_hal_uart.o(i.UART_AdvFeatureConfig)
    i.UART_CheckIdleState                    0x080049cc   Section        0  stm32g4xx_hal_uart.o(i.UART_CheckIdleState)
    i.UART_DMAAbortOnError                   0x08004ab6   Section        0  stm32g4xx_hal_uart.o(i.UART_DMAAbortOnError)
    UART_DMAAbortOnError                     0x08004ab7   Thumb Code    20  stm32g4xx_hal_uart.o(i.UART_DMAAbortOnError)
    i.UART_DMAError                          0x08004aca   Section        0  stm32g4xx_hal_uart.o(i.UART_DMAError)
    UART_DMAError                            0x08004acb   Thumb Code    94  stm32g4xx_hal_uart.o(i.UART_DMAError)
    i.UART_DMATransmitCplt                   0x08004b28   Section        0  stm32g4xx_hal_uart.o(i.UART_DMATransmitCplt)
    UART_DMATransmitCplt                     0x08004b29   Thumb Code    86  stm32g4xx_hal_uart.o(i.UART_DMATransmitCplt)
    i.UART_DMATxHalfCplt                     0x08004b7e   Section        0  stm32g4xx_hal_uart.o(i.UART_DMATxHalfCplt)
    UART_DMATxHalfCplt                       0x08004b7f   Thumb Code    14  stm32g4xx_hal_uart.o(i.UART_DMATxHalfCplt)
    i.UART_EndRxTransfer                     0x08004b8c   Section        0  stm32g4xx_hal_uart.o(i.UART_EndRxTransfer)
    UART_EndRxTransfer                       0x08004b8d   Thumb Code   104  stm32g4xx_hal_uart.o(i.UART_EndRxTransfer)
    i.UART_EndTransmit_IT                    0x08004bf8   Section        0  stm32g4xx_hal_uart.o(i.UART_EndTransmit_IT)
    UART_EndTransmit_IT                      0x08004bf9   Thumb Code    48  stm32g4xx_hal_uart.o(i.UART_EndTransmit_IT)
    i.UART_EndTxTransfer                     0x08004c28   Section        0  stm32g4xx_hal_uart.o(i.UART_EndTxTransfer)
    UART_EndTxTransfer                       0x08004c29   Thumb Code    64  stm32g4xx_hal_uart.o(i.UART_EndTxTransfer)
    i.UART_SetConfig                         0x08004c68   Section        0  stm32g4xx_hal_uart.o(i.UART_SetConfig)
    i.UART_WaitOnFlagUntilTimeout            0x08004fec   Section        0  stm32g4xx_hal_uart.o(i.UART_WaitOnFlagUntilTimeout)
    i.USART1_IRQHandler                      0x08005098   Section        0  stm32g4xx_it.o(i.USART1_IRQHandler)
    i.UsageFault_Handler                     0x080050a8   Section        0  stm32g4xx_it.o(i.UsageFault_Handler)
    i.__0printf                              0x080050ac   Section        0  printfa.o(i.__0printf)
    i.__0vsnprintf                           0x080050cc   Section        0  printfa.o(i.__0vsnprintf)
    i.__ARM_fpclassifyf                      0x08005100   Section        0  fpclassifyf.o(i.__ARM_fpclassifyf)
    i.__NVIC_GetPriorityGrouping             0x08005128   Section        0  stm32g4xx_hal_cortex.o(i.__NVIC_GetPriorityGrouping)
    __NVIC_GetPriorityGrouping               0x08005129   Thumb Code    10  stm32g4xx_hal_cortex.o(i.__NVIC_GetPriorityGrouping)
    i.__NVIC_SetPriority                     0x08005138   Section        0  stm32g4xx_hal_cortex.o(i.__NVIC_SetPriority)
    __NVIC_SetPriority                       0x08005139   Thumb Code    32  stm32g4xx_hal_cortex.o(i.__NVIC_SetPriority)
    i.__hardfp_asinf                         0x08005160   Section        0  asinf.o(i.__hardfp_asinf)
    i.__hardfp_atan2f                        0x0800528c   Section        0  atan2f.o(i.__hardfp_atan2f)
    i.__hardfp_fabs                          0x08005538   Section        0  fabs.o(i.__hardfp_fabs)
    i.__mathlib_flt_infnan                   0x0800554c   Section        0  funder.o(i.__mathlib_flt_infnan)
    i.__mathlib_flt_infnan2                  0x08005552   Section        0  funder.o(i.__mathlib_flt_infnan2)
    i.__mathlib_flt_invalid                  0x08005558   Section        0  funder.o(i.__mathlib_flt_invalid)
    i.__mathlib_flt_underflow                0x08005568   Section        0  funder.o(i.__mathlib_flt_underflow)
    i.__scatterload_copy                     0x08005578   Section       14  handlers.o(i.__scatterload_copy)
    i.__scatterload_null                     0x08005586   Section        2  handlers.o(i.__scatterload_null)
    i.__scatterload_zeroinit                 0x08005588   Section       14  handlers.o(i.__scatterload_zeroinit)
    i.__set_errno                            0x08005598   Section        0  errno.o(i.__set_errno)
    i._fp_digits                             0x080055a4   Section        0  printfa.o(i._fp_digits)
    _fp_digits                               0x080055a5   Thumb Code   366  printfa.o(i._fp_digits)
    i._printf_core                           0x08005728   Section        0  printfa.o(i._printf_core)
    _printf_core                             0x08005729   Thumb Code  1704  printfa.o(i._printf_core)
    i._printf_post_padding                   0x08005ddc   Section        0  printfa.o(i._printf_post_padding)
    _printf_post_padding                     0x08005ddd   Thumb Code    36  printfa.o(i._printf_post_padding)
    i._printf_pre_padding                    0x08005e00   Section        0  printfa.o(i._printf_pre_padding)
    _printf_pre_padding                      0x08005e01   Thumb Code    46  printfa.o(i._printf_pre_padding)
    i._snputc                                0x08005e2e   Section        0  printfa.o(i._snputc)
    _snputc                                  0x08005e2f   Thumb Code    22  printfa.o(i._snputc)
    i.check_out_of_bounds_mreg               0x08005e44   Section        0  inv_imu_transport.o(i.check_out_of_bounds_mreg)
    check_out_of_bounds_mreg                 0x08005e45   Thumb Code   112  inv_imu_transport.o(i.check_out_of_bounds_mreg)
    i.delay_init                             0x08005eb4   Section        0  delay.o(i.delay_init)
    i.delay_ms                               0x08005ec8   Section        0  delay.o(i.delay_ms)
    i.delay_us                               0x08005efc   Section        0  delay.o(i.delay_us)
    i.fputc                                  0x08005f44   Section        0  usart.o(i.fputc)
    i.icm45686_data_update                   0x08005f60   Section        0  icm45686_task.o(i.icm45686_data_update)
    i.imu_init                               0x0800602c   Section        0  icm45686_task.o(i.imu_init)
    i.invSqrt                                0x08006170   Section        0  hana_math.o(i.invSqrt)
    i.inv_imu_get_endianness                 0x080061ac   Section        0  inv_imu_driver.o(i.inv_imu_get_endianness)
    i.inv_imu_get_register_data              0x080061d2   Section        0  inv_imu_driver.o(i.inv_imu_get_register_data)
    i.inv_imu_get_who_am_i                   0x080062a2   Section        0  inv_imu_driver.o(i.inv_imu_get_who_am_i)
    i.inv_imu_read_reg                       0x080062ce   Section        0  inv_imu_transport.o(i.inv_imu_read_reg)
    i.inv_imu_select_accel_lp_clk            0x080062fe   Section        0  inv_imu_driver.o(i.inv_imu_select_accel_lp_clk)
    i.inv_imu_set_accel_frequency            0x08006334   Section        0  inv_imu_driver.o(i.inv_imu_set_accel_frequency)
    i.inv_imu_set_accel_fsr                  0x08006366   Section        0  inv_imu_driver.o(i.inv_imu_set_accel_fsr)
    i.inv_imu_set_accel_ln_bw                0x080063a6   Section        0  inv_imu_driver.o(i.inv_imu_set_accel_ln_bw)
    i.inv_imu_set_accel_mode                 0x080063dc   Section        0  inv_imu_driver.o(i.inv_imu_set_accel_mode)
    i.inv_imu_set_config_int                 0x08006416   Section        0  inv_imu_driver.o(i.inv_imu_set_config_int)
    i.inv_imu_set_gyro_frequency             0x08006512   Section        0  inv_imu_driver.o(i.inv_imu_set_gyro_frequency)
    i.inv_imu_set_gyro_fsr                   0x08006544   Section        0  inv_imu_driver.o(i.inv_imu_set_gyro_fsr)
    i.inv_imu_set_gyro_ln_bw                 0x08006576   Section        0  inv_imu_driver.o(i.inv_imu_set_gyro_ln_bw)
    i.inv_imu_set_gyro_mode                  0x080065ac   Section        0  inv_imu_driver.o(i.inv_imu_set_gyro_mode)
    i.inv_imu_set_pin_config_int             0x080065e6   Section        0  inv_imu_driver.o(i.inv_imu_set_pin_config_int)
    i.inv_imu_sleep_us                       0x08006650   Section        0  inv_imu_driver.o(i.inv_imu_sleep_us)
    i.inv_imu_soft_reset                     0x08006662   Section        0  inv_imu_driver.o(i.inv_imu_soft_reset)
    i.inv_imu_write_reg                      0x080066ec   Section        0  inv_imu_transport.o(i.inv_imu_write_reg)
    i.main                                   0x0800671c   Section        0  main.o(i.main)
    i.read_dreg                              0x0800679c   Section        0  inv_imu_transport.o(i.read_dreg)
    read_dreg                                0x0800679d   Thumb Code    36  inv_imu_transport.o(i.read_dreg)
    i.read_mreg                              0x080067c0   Section        0  inv_imu_transport.o(i.read_mreg)
    read_mreg                                0x080067c1   Thumb Code   110  inv_imu_transport.o(i.read_mreg)
    i.si_io_imu1_read_reg                    0x08006830   Section        0  icm45686_task.o(i.si_io_imu1_read_reg)
    i.si_io_imu1_write_reg                   0x0800688c   Section        0  icm45686_task.o(i.si_io_imu1_write_reg)
    i.si_io_imu2_read_reg                    0x080068e4   Section        0  icm45686_task.o(i.si_io_imu2_read_reg)
    i.si_io_imu2_write_reg                   0x08006940   Section        0  icm45686_task.o(i.si_io_imu2_write_reg)
    i.si_sleep_us                            0x08006998   Section        0  icm45686_task.o(i.si_sleep_us)
    i.sq                                     0x080069a4   Section        0  hana_math.o(i.sq)
    i.sqrtf                                  0x080069ae   Section        0  sqrtf.o(i.sqrtf)
    i.uart_printf                            0x080069ec   Section        0  usart.o(i.uart_printf)
    i.write_dreg                             0x08006a28   Section        0  inv_imu_transport.o(i.write_dreg)
    write_dreg                               0x08006a29   Thumb Code    36  inv_imu_transport.o(i.write_dreg)
    i.write_mreg                             0x08006a4c   Section        0  inv_imu_transport.o(i.write_mreg)
    write_mreg                               0x08006a4d   Thumb Code   124  inv_imu_transport.o(i.write_mreg)
    .constdata                               0x08006ac8   Section       24  stm32g4xx_hal_uart.o(.constdata)
    .constdata                               0x08006ae0   Section       16  stm32g4xx_hal_uart_ex.o(.constdata)
    numerator                                0x08006ae0   Data           8  stm32g4xx_hal_uart_ex.o(.constdata)
    denominator                              0x08006ae8   Data           8  stm32g4xx_hal_uart_ex.o(.constdata)
    .constdata                               0x08006af0   Section       24  system_stm32g4xx.o(.constdata)
    .data                                    0x20000000   Section       16  tim.o(.data)
    .data                                    0x20000010   Section       12  stm32g4xx_hal.o(.data)
    .data                                    0x2000001c   Section        4  system_stm32g4xx.o(.data)
    .data                                    0x20000020   Section        4  delay.o(.data)
    g_fac_us                                 0x20000020   Data           4  delay.o(.data)
    .data                                    0x20000024   Section       24  angle.o(.data)
    KpDef                                    0x20000024   Data           4  angle.o(.data)
    KiDef                                    0x20000028   Data           4  angle.o(.data)
    NumQ                                     0x2000002c   Data          16  angle.o(.data)
    .data                                    0x2000003c   Section        4  stdout.o(.data)
    .data                                    0x20000040   Section        4  errno.o(.data)
    _errno                                   0x20000040   Data           4  errno.o(.data)
    .bss                                     0x20000044   Section      200  spi.o(.bss)
    .bss                                     0x2000010c   Section       76  tim.o(.bss)
    .bss                                     0x20000158   Section      852  usart.o(.bss)
    .bss                                     0x200004b0   Section      190  icm45686_task.o(.bss)
    .bss                                     0x20000570   Section       76  angle.o(.bss)
    GyroIntegError                           0x200005b0   Data          12  angle.o(.bss)
    STACK                                    0x200005c0   Section    16384  startup_stm32g431xx.o(STACK)

    Global Symbols

    Symbol Name                              Value     Ov Type        Size  Object(Section)

    BuildAttributes$$THM_ISAv4$E$P$D$K$B$S$7EM$VFPi3$EXTD16$VFPS$VFMA$PE$A:L22UL41UL21$X:L11$S22US41US21$IEEE1$IW$USESV6$~STKCKD$USESV7$~SHL$OTIME$ROPI$IEEEX$EBA8$MICROLIB$REQ8$PRES8$EABIv2 0x00000000   Number         0  anon$$obj.o ABSOLUTE
    __ARM_use_no_argv                        0x00000000   Number         0  main.o ABSOLUTE
    _printf_a                                0x00000000   Number         0  stubs.o ABSOLUTE
    _printf_c                                0x00000000   Number         0  stubs.o ABSOLUTE
    _printf_charcount                        0x00000000   Number         0  stubs.o ABSOLUTE
    _printf_d                                0x00000000   Number         0  stubs.o ABSOLUTE
    _printf_e                                0x00000000   Number         0  stubs.o ABSOLUTE
    _printf_f                                0x00000000   Number         0  stubs.o ABSOLUTE
    _printf_flags                            0x00000000   Number         0  stubs.o ABSOLUTE
    _printf_fp_dec                           0x00000000   Number         0  stubs.o ABSOLUTE
    _printf_fp_hex                           0x00000000   Number         0  stubs.o ABSOLUTE
    _printf_g                                0x00000000   Number         0  stubs.o ABSOLUTE
    _printf_i                                0x00000000   Number         0  stubs.o ABSOLUTE
    _printf_int_dec                          0x00000000   Number         0  stubs.o ABSOLUTE
    _printf_l                                0x00000000   Number         0  stubs.o ABSOLUTE
    _printf_lc                               0x00000000   Number         0  stubs.o ABSOLUTE
    _printf_ll                               0x00000000   Number         0  stubs.o ABSOLUTE
    _printf_lld                              0x00000000   Number         0  stubs.o ABSOLUTE
    _printf_lli                              0x00000000   Number         0  stubs.o ABSOLUTE
    _printf_llo                              0x00000000   Number         0  stubs.o ABSOLUTE
    _printf_llu                              0x00000000   Number         0  stubs.o ABSOLUTE
    _printf_llx                              0x00000000   Number         0  stubs.o ABSOLUTE
    _printf_longlong_dec                     0x00000000   Number         0  stubs.o ABSOLUTE
    _printf_longlong_hex                     0x00000000   Number         0  stubs.o ABSOLUTE
    _printf_longlong_oct                     0x00000000   Number         0  stubs.o ABSOLUTE
    _printf_ls                               0x00000000   Number         0  stubs.o ABSOLUTE
    _printf_mbtowc                           0x00000000   Number         0  stubs.o ABSOLUTE
    _printf_n                                0x00000000   Number         0  stubs.o ABSOLUTE
    _printf_o                                0x00000000   Number         0  stubs.o ABSOLUTE
    _printf_p                                0x00000000   Number         0  stubs.o ABSOLUTE
    _printf_percent                          0x00000000   Number         0  stubs.o ABSOLUTE
    _printf_pre_padding                      0x00000000   Number         0  stubs.o ABSOLUTE
    _printf_return_value                     0x00000000   Number         0  stubs.o ABSOLUTE
    _printf_s                                0x00000000   Number         0  stubs.o ABSOLUTE
    _printf_sizespec                         0x00000000   Number         0  stubs.o ABSOLUTE
    _printf_str                              0x00000000   Number         0  stubs.o ABSOLUTE
    _printf_truncate_signed                  0x00000000   Number         0  stubs.o ABSOLUTE
    _printf_truncate_unsigned                0x00000000   Number         0  stubs.o ABSOLUTE
    _printf_u                                0x00000000   Number         0  stubs.o ABSOLUTE
    _printf_wc                               0x00000000   Number         0  stubs.o ABSOLUTE
    _printf_wctomb                           0x00000000   Number         0  stubs.o ABSOLUTE
    _printf_widthprec                        0x00000000   Number         0  stubs.o ABSOLUTE
    _printf_x                                0x00000000   Number         0  stubs.o ABSOLUTE
    __arm_fini_                               - Undefined Weak Reference
    __cpp_initialize__aeabi_                  - Undefined Weak Reference
    __cxa_finalize                            - Undefined Weak Reference
    __decompress                              - Undefined Weak Reference
    _clock_init                               - Undefined Weak Reference
    _microlib_exit                            - Undefined Weak Reference
    __Vectors_Size                           0x000001d8   Number         0  startup_stm32g431xx.o ABSOLUTE
    __Vectors                                0x08000000   Data           4  startup_stm32g431xx.o(RESET)
    __Vectors_End                            0x080001d8   Data           0  startup_stm32g431xx.o(RESET)
    __main                                   0x080001d9   Thumb Code     0  entry.o(.ARM.Collect$$$$00000000)
    _main_stk                                0x080001d9   Thumb Code     0  entry2.o(.ARM.Collect$$$$00000001)
    _main_scatterload                        0x080001dd   Thumb Code     0  entry5.o(.ARM.Collect$$$$00000004)
    __main_after_scatterload                 0x080001e1   Thumb Code     0  entry5.o(.ARM.Collect$$$$00000004)
    _main_clock                              0x080001e1   Thumb Code     0  entry7b.o(.ARM.Collect$$$$00000008)
    _main_cpp_init                           0x080001e1   Thumb Code     0  entry8b.o(.ARM.Collect$$$$0000000A)
    _main_init                               0x080001e1   Thumb Code     0  entry9a.o(.ARM.Collect$$$$0000000B)
    __rt_lib_shutdown_fini                   0x080001e9   Thumb Code     0  entry12b.o(.ARM.Collect$$$$0000000E)
    __rt_final_cpp                           0x080001ed   Thumb Code     0  entry10a.o(.ARM.Collect$$$$0000000F)
    __rt_final_exit                          0x080001ed   Thumb Code     0  entry11a.o(.ARM.Collect$$$$00000011)
    Reset_Handler                            0x080001f1   Thumb Code     8  startup_stm32g431xx.o(.text)
    ADC1_2_IRQHandler                        0x0800020b   Thumb Code     0  startup_stm32g431xx.o(.text)
    COMP1_2_3_IRQHandler                     0x0800020b   Thumb Code     0  startup_stm32g431xx.o(.text)
    COMP4_IRQHandler                         0x0800020b   Thumb Code     0  startup_stm32g431xx.o(.text)
    CORDIC_IRQHandler                        0x0800020b   Thumb Code     0  startup_stm32g431xx.o(.text)
    CRS_IRQHandler                           0x0800020b   Thumb Code     0  startup_stm32g431xx.o(.text)
    DMA1_Channel3_IRQHandler                 0x0800020b   Thumb Code     0  startup_stm32g431xx.o(.text)
    DMA1_Channel4_IRQHandler                 0x0800020b   Thumb Code     0  startup_stm32g431xx.o(.text)
    DMA1_Channel5_IRQHandler                 0x0800020b   Thumb Code     0  startup_stm32g431xx.o(.text)
    DMA1_Channel6_IRQHandler                 0x0800020b   Thumb Code     0  startup_stm32g431xx.o(.text)
    DMA2_Channel1_IRQHandler                 0x0800020b   Thumb Code     0  startup_stm32g431xx.o(.text)
    DMA2_Channel2_IRQHandler                 0x0800020b   Thumb Code     0  startup_stm32g431xx.o(.text)
    DMA2_Channel3_IRQHandler                 0x0800020b   Thumb Code     0  startup_stm32g431xx.o(.text)
    DMA2_Channel4_IRQHandler                 0x0800020b   Thumb Code     0  startup_stm32g431xx.o(.text)
    DMA2_Channel5_IRQHandler                 0x0800020b   Thumb Code     0  startup_stm32g431xx.o(.text)
    DMA2_Channel6_IRQHandler                 0x0800020b   Thumb Code     0  startup_stm32g431xx.o(.text)
    DMAMUX_OVR_IRQHandler                    0x0800020b   Thumb Code     0  startup_stm32g431xx.o(.text)
    EXTI0_IRQHandler                         0x0800020b   Thumb Code     0  startup_stm32g431xx.o(.text)
    EXTI15_10_IRQHandler                     0x0800020b   Thumb Code     0  startup_stm32g431xx.o(.text)
    EXTI1_IRQHandler                         0x0800020b   Thumb Code     0  startup_stm32g431xx.o(.text)
    EXTI2_IRQHandler                         0x0800020b   Thumb Code     0  startup_stm32g431xx.o(.text)
    EXTI3_IRQHandler                         0x0800020b   Thumb Code     0  startup_stm32g431xx.o(.text)
    EXTI9_5_IRQHandler                       0x0800020b   Thumb Code     0  startup_stm32g431xx.o(.text)
    FDCAN1_IT0_IRQHandler                    0x0800020b   Thumb Code     0  startup_stm32g431xx.o(.text)
    FDCAN1_IT1_IRQHandler                    0x0800020b   Thumb Code     0  startup_stm32g431xx.o(.text)
    FLASH_IRQHandler                         0x0800020b   Thumb Code     0  startup_stm32g431xx.o(.text)
    FMAC_IRQHandler                          0x0800020b   Thumb Code     0  startup_stm32g431xx.o(.text)
    FPU_IRQHandler                           0x0800020b   Thumb Code     0  startup_stm32g431xx.o(.text)
    I2C1_ER_IRQHandler                       0x0800020b   Thumb Code     0  startup_stm32g431xx.o(.text)
    I2C1_EV_IRQHandler                       0x0800020b   Thumb Code     0  startup_stm32g431xx.o(.text)
    I2C2_ER_IRQHandler                       0x0800020b   Thumb Code     0  startup_stm32g431xx.o(.text)
    I2C2_EV_IRQHandler                       0x0800020b   Thumb Code     0  startup_stm32g431xx.o(.text)
    I2C3_ER_IRQHandler                       0x0800020b   Thumb Code     0  startup_stm32g431xx.o(.text)
    I2C3_EV_IRQHandler                       0x0800020b   Thumb Code     0  startup_stm32g431xx.o(.text)
    LPTIM1_IRQHandler                        0x0800020b   Thumb Code     0  startup_stm32g431xx.o(.text)
    LPUART1_IRQHandler                       0x0800020b   Thumb Code     0  startup_stm32g431xx.o(.text)
    PVD_PVM_IRQHandler                       0x0800020b   Thumb Code     0  startup_stm32g431xx.o(.text)
    RCC_IRQHandler                           0x0800020b   Thumb Code     0  startup_stm32g431xx.o(.text)
    RNG_IRQHandler                           0x0800020b   Thumb Code     0  startup_stm32g431xx.o(.text)
    RTC_Alarm_IRQHandler                     0x0800020b   Thumb Code     0  startup_stm32g431xx.o(.text)
    RTC_TAMP_LSECSS_IRQHandler               0x0800020b   Thumb Code     0  startup_stm32g431xx.o(.text)
    RTC_WKUP_IRQHandler                      0x0800020b   Thumb Code     0  startup_stm32g431xx.o(.text)
    SAI1_IRQHandler                          0x0800020b   Thumb Code     0  startup_stm32g431xx.o(.text)
    SPI1_IRQHandler                          0x0800020b   Thumb Code     0  startup_stm32g431xx.o(.text)
    SPI2_IRQHandler                          0x0800020b   Thumb Code     0  startup_stm32g431xx.o(.text)
    SPI3_IRQHandler                          0x0800020b   Thumb Code     0  startup_stm32g431xx.o(.text)
    TIM1_BRK_TIM15_IRQHandler                0x0800020b   Thumb Code     0  startup_stm32g431xx.o(.text)
    TIM1_CC_IRQHandler                       0x0800020b   Thumb Code     0  startup_stm32g431xx.o(.text)
    TIM1_TRG_COM_TIM17_IRQHandler            0x0800020b   Thumb Code     0  startup_stm32g431xx.o(.text)
    TIM2_IRQHandler                          0x0800020b   Thumb Code     0  startup_stm32g431xx.o(.text)
    TIM3_IRQHandler                          0x0800020b   Thumb Code     0  startup_stm32g431xx.o(.text)
    TIM4_IRQHandler                          0x0800020b   Thumb Code     0  startup_stm32g431xx.o(.text)
    TIM6_DAC_IRQHandler                      0x0800020b   Thumb Code     0  startup_stm32g431xx.o(.text)
    TIM7_IRQHandler                          0x0800020b   Thumb Code     0  startup_stm32g431xx.o(.text)
    TIM8_BRK_IRQHandler                      0x0800020b   Thumb Code     0  startup_stm32g431xx.o(.text)
    TIM8_CC_IRQHandler                       0x0800020b   Thumb Code     0  startup_stm32g431xx.o(.text)
    TIM8_TRG_COM_IRQHandler                  0x0800020b   Thumb Code     0  startup_stm32g431xx.o(.text)
    TIM8_UP_IRQHandler                       0x0800020b   Thumb Code     0  startup_stm32g431xx.o(.text)
    UART4_IRQHandler                         0x0800020b   Thumb Code     0  startup_stm32g431xx.o(.text)
    UCPD1_IRQHandler                         0x0800020b   Thumb Code     0  startup_stm32g431xx.o(.text)
    USART2_IRQHandler                        0x0800020b   Thumb Code     0  startup_stm32g431xx.o(.text)
    USART3_IRQHandler                        0x0800020b   Thumb Code     0  startup_stm32g431xx.o(.text)
    USBWakeUp_IRQHandler                     0x0800020b   Thumb Code     0  startup_stm32g431xx.o(.text)
    USB_HP_IRQHandler                        0x0800020b   Thumb Code     0  startup_stm32g431xx.o(.text)
    USB_LP_IRQHandler                        0x0800020b   Thumb Code     0  startup_stm32g431xx.o(.text)
    WWDG_IRQHandler                          0x0800020b   Thumb Code     0  startup_stm32g431xx.o(.text)
    __aeabi_uldivmod                         0x08000215   Thumb Code    98  uldiv.o(.text)
    __aeabi_memset                           0x08000277   Thumb Code    14  memseta.o(.text)
    __aeabi_memset4                          0x08000277   Thumb Code     0  memseta.o(.text)
    __aeabi_memset8                          0x08000277   Thumb Code     0  memseta.o(.text)
    __aeabi_memclr                           0x08000285   Thumb Code     4  memseta.o(.text)
    __aeabi_memclr4                          0x08000285   Thumb Code     0  memseta.o(.text)
    __aeabi_memclr8                          0x08000285   Thumb Code     0  memseta.o(.text)
    _memset$wrapper                          0x08000289   Thumb Code    18  memseta.o(.text)
    __aeabi_f2d                              0x0800029b   Thumb Code    38  f2d.o(.text)
    __aeabi_cdrcmple                         0x080002c1   Thumb Code    48  cdrcmple.o(.text)
    __aeabi_uidiv                            0x080002f1   Thumb Code     0  uidiv.o(.text)
    __aeabi_uidivmod                         0x080002f1   Thumb Code    44  uidiv.o(.text)
    __aeabi_llsl                             0x0800031d   Thumb Code    30  llshl.o(.text)
    _ll_shift_l                              0x0800031d   Thumb Code     0  llshl.o(.text)
    __aeabi_llsr                             0x0800033b   Thumb Code    32  llushr.o(.text)
    _ll_ushift_r                             0x0800033b   Thumb Code     0  llushr.o(.text)
    __I$use$fp                               0x0800035b   Thumb Code     0  iusefp.o(.text)
    __aeabi_dadd                             0x0800035b   Thumb Code   322  dadd.o(.text)
    __aeabi_dsub                             0x0800049d   Thumb Code     6  dadd.o(.text)
    __aeabi_drsub                            0x080004a3   Thumb Code     6  dadd.o(.text)
    __aeabi_dmul                             0x080004a9   Thumb Code   228  dmul.o(.text)
    __aeabi_ddiv                             0x0800058d   Thumb Code   222  ddiv.o(.text)
    __aeabi_d2ulz                            0x0800066b   Thumb Code    48  dfixul.o(.text)
    __scatterload                            0x0800069d   Thumb Code    28  init.o(.text)
    __scatterload_rt2                        0x0800069d   Thumb Code     0  init.o(.text)
    __aeabi_lasr                             0x080006c1   Thumb Code    36  llsshr.o(.text)
    _ll_sshift_r                             0x080006c1   Thumb Code     0  llsshr.o(.text)
    _double_round                            0x080006e5   Thumb Code    30  depilogue.o(.text)
    _double_epilogue                         0x08000703   Thumb Code   156  depilogue.o(.text)
    BusFault_Handler                         0x0800079f   Thumb Code     4  stm32g4xx_it.o(i.BusFault_Handler)
    DMA1_Channel1_IRQHandler                 0x080007a5   Thumb Code    10  stm32g4xx_it.o(i.DMA1_Channel1_IRQHandler)
    DMA1_Channel2_IRQHandler                 0x080007b5   Thumb Code    10  stm32g4xx_it.o(i.DMA1_Channel2_IRQHandler)
    DebugMon_Handler                         0x0800086d   Thumb Code     2  stm32g4xx_it.o(i.DebugMon_Handler)
    EXTI4_IRQHandler                         0x0800086f   Thumb Code    10  stm32g4xx_it.o(i.EXTI4_IRQHandler)
    Error_Handler                            0x08000879   Thumb Code     6  main.o(i.Error_Handler)
    HAL_DMA_Abort                            0x0800087f   Thumb Code   118  stm32g4xx_hal_dma.o(i.HAL_DMA_Abort)
    HAL_DMA_Abort_IT                         0x080008f5   Thumb Code   148  stm32g4xx_hal_dma.o(i.HAL_DMA_Abort_IT)
    HAL_DMA_IRQHandler                       0x08000989   Thumb Code   254  stm32g4xx_hal_dma.o(i.HAL_DMA_IRQHandler)
    HAL_DMA_Init                             0x08000a89   Thumb Code   200  stm32g4xx_hal_dma.o(i.HAL_DMA_Init)
    HAL_DMA_Start_IT                         0x08000b59   Thumb Code   194  stm32g4xx_hal_dma.o(i.HAL_DMA_Start_IT)
    HAL_GPIO_EXTI_Callback                   0x08000c1d   Thumb Code    34  gpio.o(i.HAL_GPIO_EXTI_Callback)
    HAL_GPIO_EXTI_IRQHandler                 0x08000c49   Thumb Code    24  stm32g4xx_hal_gpio.o(i.HAL_GPIO_EXTI_IRQHandler)
    HAL_GPIO_Init                            0x08000c65   Thumb Code   428  stm32g4xx_hal_gpio.o(i.HAL_GPIO_Init)
    HAL_GPIO_TogglePin                       0x08000e31   Thumb Code    20  stm32g4xx_hal_gpio.o(i.HAL_GPIO_TogglePin)
    HAL_GPIO_WritePin                        0x08000e45   Thumb Code    10  stm32g4xx_hal_gpio.o(i.HAL_GPIO_WritePin)
    HAL_GetTick                              0x08000e51   Thumb Code     6  stm32g4xx_hal.o(i.HAL_GetTick)
    HAL_IncTick                              0x08000e5d   Thumb Code    16  stm32g4xx_hal.o(i.HAL_IncTick)
    HAL_Init                                 0x08000e75   Thumb Code    30  stm32g4xx_hal.o(i.HAL_Init)
    HAL_InitTick                             0x08000e95   Thumb Code    74  stm32g4xx_hal.o(i.HAL_InitTick)
    HAL_MspInit                              0x08000eed   Thumb Code    68  stm32g4xx_hal_msp.o(i.HAL_MspInit)
    HAL_NVIC_EnableIRQ                       0x08000f35   Thumb Code    40  stm32g4xx_hal_cortex.o(i.HAL_NVIC_EnableIRQ)
    HAL_NVIC_SetPriority                     0x08000f5d   Thumb Code   122  stm32g4xx_hal_cortex.o(i.HAL_NVIC_SetPriority)
    HAL_NVIC_SetPriorityGrouping             0x08000fd9   Thumb Code    32  stm32g4xx_hal_cortex.o(i.HAL_NVIC_SetPriorityGrouping)
    HAL_PWREx_ControlVoltageScaling          0x08001001   Thumb Code   268  stm32g4xx_hal_pwr_ex.o(i.HAL_PWREx_ControlVoltageScaling)
    HAL_PWREx_DisableUCPDDeadBattery         0x08001119   Thumb Code    14  stm32g4xx_hal_pwr_ex.o(i.HAL_PWREx_DisableUCPDDeadBattery)
    HAL_RCCEx_PeriphCLKConfig                0x0800112d   Thumb Code   872  stm32g4xx_hal_rcc_ex.o(i.HAL_RCCEx_PeriphCLKConfig)
    HAL_RCC_ClockConfig                      0x0800149d   Thumb Code   522  stm32g4xx_hal_rcc.o(i.HAL_RCC_ClockConfig)
    HAL_RCC_GetHCLKFreq                      0x080016c1   Thumb Code     6  stm32g4xx_hal_rcc.o(i.HAL_RCC_GetHCLKFreq)
    HAL_RCC_GetPCLK1Freq                     0x080016cd   Thumb Code    26  stm32g4xx_hal_rcc.o(i.HAL_RCC_GetPCLK1Freq)
    HAL_RCC_GetPCLK2Freq                     0x080016f1   Thumb Code    26  stm32g4xx_hal_rcc.o(i.HAL_RCC_GetPCLK2Freq)
    HAL_RCC_GetSysClockFreq                  0x08001715   Thumb Code   138  stm32g4xx_hal_rcc.o(i.HAL_RCC_GetSysClockFreq)
    HAL_RCC_OscConfig                        0x080017a9   Thumb Code  1360  stm32g4xx_hal_rcc.o(i.HAL_RCC_OscConfig)
    HAL_SPI_Init                             0x08001d05   Thumb Code   252  stm32g4xx_hal_spi.o(i.HAL_SPI_Init)
    HAL_SPI_MspInit                          0x08001e01   Thumb Code   200  spi.o(i.HAL_SPI_MspInit)
    HAL_SPI_Receive                          0x08001ed9   Thumb Code   440  stm32g4xx_hal_spi.o(i.HAL_SPI_Receive)
    HAL_SPI_Transmit                         0x08002091   Thumb Code   506  stm32g4xx_hal_spi.o(i.HAL_SPI_Transmit)
    HAL_SPI_TransmitReceive                  0x0800228b   Thumb Code   730  stm32g4xx_hal_spi.o(i.HAL_SPI_TransmitReceive)
    HAL_SYSTICK_CLKSourceConfig              0x08002565   Thumb Code    40  stm32g4xx_hal_cortex.o(i.HAL_SYSTICK_CLKSourceConfig)
    HAL_SYSTICK_Config                       0x0800258d   Thumb Code    52  stm32g4xx_hal_cortex.o(i.HAL_SYSTICK_Config)
    HAL_TIMEx_Break2Callback                 0x080025c1   Thumb Code     2  stm32g4xx_hal_tim_ex.o(i.HAL_TIMEx_Break2Callback)
    HAL_TIMEx_BreakCallback                  0x080025c3   Thumb Code     2  stm32g4xx_hal_tim_ex.o(i.HAL_TIMEx_BreakCallback)
    HAL_TIMEx_CommutCallback                 0x080025c5   Thumb Code     2  stm32g4xx_hal_tim_ex.o(i.HAL_TIMEx_CommutCallback)
    HAL_TIMEx_DirectionChangeCallback        0x080025c7   Thumb Code     2  stm32g4xx_hal_tim_ex.o(i.HAL_TIMEx_DirectionChangeCallback)
    HAL_TIMEx_EncoderIndexCallback           0x080025c9   Thumb Code     2  stm32g4xx_hal_tim_ex.o(i.HAL_TIMEx_EncoderIndexCallback)
    HAL_TIMEx_IndexErrorCallback             0x080025cb   Thumb Code     2  stm32g4xx_hal_tim_ex.o(i.HAL_TIMEx_IndexErrorCallback)
    HAL_TIMEx_MasterConfigSynchronization    0x080025cd   Thumb Code   158  stm32g4xx_hal_tim_ex.o(i.HAL_TIMEx_MasterConfigSynchronization)
    HAL_TIMEx_TransitionErrorCallback        0x08002685   Thumb Code     2  stm32g4xx_hal_tim_ex.o(i.HAL_TIMEx_TransitionErrorCallback)
    HAL_TIM_Base_Init                        0x08002687   Thumb Code   110  stm32g4xx_hal_tim.o(i.HAL_TIM_Base_Init)
    HAL_TIM_Base_MspInit                     0x080026f5   Thumb Code    58  tim.o(i.HAL_TIM_Base_MspInit)
    HAL_TIM_Base_Start_IT                    0x08002739   Thumb Code   130  stm32g4xx_hal_tim.o(i.HAL_TIM_Base_Start_IT)
    HAL_TIM_ConfigClockSource                0x080027d5   Thumb Code   300  stm32g4xx_hal_tim.o(i.HAL_TIM_ConfigClockSource)
    HAL_TIM_IC_CaptureCallback               0x08002909   Thumb Code     2  stm32g4xx_hal_tim.o(i.HAL_TIM_IC_CaptureCallback)
    HAL_TIM_IRQHandler                       0x0800290b   Thumb Code   544  stm32g4xx_hal_tim.o(i.HAL_TIM_IRQHandler)
    HAL_TIM_OC_DelayElapsedCallback          0x08002b2b   Thumb Code     2  stm32g4xx_hal_tim.o(i.HAL_TIM_OC_DelayElapsedCallback)
    HAL_TIM_PWM_PulseFinishedCallback        0x08002b2d   Thumb Code     2  stm32g4xx_hal_tim.o(i.HAL_TIM_PWM_PulseFinishedCallback)
    HAL_TIM_PeriodElapsedCallback            0x08002b31   Thumb Code   232  tim.o(i.HAL_TIM_PeriodElapsedCallback)
    HAL_TIM_TriggerCallback                  0x08002c55   Thumb Code     2  stm32g4xx_hal_tim.o(i.HAL_TIM_TriggerCallback)
    HAL_UARTEx_DisableFifoMode               0x08002c57   Thumb Code    78  stm32g4xx_hal_uart_ex.o(i.HAL_UARTEx_DisableFifoMode)
    HAL_UARTEx_RxEventCallback               0x08002ca5   Thumb Code     2  stm32g4xx_hal_uart.o(i.HAL_UARTEx_RxEventCallback)
    HAL_UARTEx_RxFifoFullCallback            0x08002ca7   Thumb Code     2  stm32g4xx_hal_uart_ex.o(i.HAL_UARTEx_RxFifoFullCallback)
    HAL_UARTEx_SetRxFifoThreshold            0x08002ca9   Thumb Code    94  stm32g4xx_hal_uart_ex.o(i.HAL_UARTEx_SetRxFifoThreshold)
    HAL_UARTEx_SetTxFifoThreshold            0x08002d07   Thumb Code    94  stm32g4xx_hal_uart_ex.o(i.HAL_UARTEx_SetTxFifoThreshold)
    HAL_UARTEx_TxFifoEmptyCallback           0x08002d65   Thumb Code     2  stm32g4xx_hal_uart_ex.o(i.HAL_UARTEx_TxFifoEmptyCallback)
    HAL_UARTEx_WakeupCallback                0x08002d67   Thumb Code     2  stm32g4xx_hal_uart_ex.o(i.HAL_UARTEx_WakeupCallback)
    HAL_UART_ErrorCallback                   0x08002d69   Thumb Code     2  stm32g4xx_hal_uart.o(i.HAL_UART_ErrorCallback)
    HAL_UART_IRQHandler                      0x08002d6d   Thumb Code   962  stm32g4xx_hal_uart.o(i.HAL_UART_IRQHandler)
    HAL_UART_Init                            0x0800313d   Thumb Code   120  stm32g4xx_hal_uart.o(i.HAL_UART_Init)
    HAL_UART_MspInit                         0x080031b5   Thumb Code   264  usart.o(i.HAL_UART_MspInit)
    HAL_UART_Transmit                        0x080032d5   Thumb Code   194  stm32g4xx_hal_uart.o(i.HAL_UART_Transmit)
    HAL_UART_Transmit_DMA                    0x08003399   Thumb Code   148  stm32g4xx_hal_uart.o(i.HAL_UART_Transmit_DMA)
    HAL_UART_TxCpltCallback                  0x08003439   Thumb Code     2  stm32g4xx_hal_uart.o(i.HAL_UART_TxCpltCallback)
    HAL_UART_TxHalfCpltCallback              0x0800343b   Thumb Code     2  stm32g4xx_hal_uart.o(i.HAL_UART_TxHalfCpltCallback)
    HardFault_Handler                        0x0800343d   Thumb Code     4  stm32g4xx_it.o(i.HardFault_Handler)
    IMU_Calibration                          0x08003441   Thumb Code  1574  angle.o(i.IMU_Calibration)
    IMU_DataUpdate                           0x08003b1d   Thumb Code   136  angle.o(i.IMU_DataUpdate)
    IMU_GetAngle                             0x08003bb1   Thumb Code  1246  angle.o(i.IMU_GetAngle)
    MX_DMA_Init                              0x080040a1   Thumb Code    90  dma.o(i.MX_DMA_Init)
    MX_GPIO_Init                             0x08004101   Thumb Code   232  gpio.o(i.MX_GPIO_Init)
    MX_SPI1_Init                             0x080041f1   Thumb Code    72  spi.o(i.MX_SPI1_Init)
    MX_SPI3_Init                             0x08004241   Thumb Code    72  spi.o(i.MX_SPI3_Init)
    MX_TIM1_Init                             0x08004291   Thumb Code   106  tim.o(i.MX_TIM1_Init)
    MX_USART1_UART_Init                      0x08004305   Thumb Code    98  usart.o(i.MX_USART1_UART_Init)
    MemManage_Handler                        0x08004371   Thumb Code     4  stm32g4xx_it.o(i.MemManage_Handler)
    NMI_Handler                              0x08004375   Thumb Code     4  stm32g4xx_it.o(i.NMI_Handler)
    PendSV_Handler                           0x08004379   Thumb Code     2  stm32g4xx_it.o(i.PendSV_Handler)
    SVC_Handler                              0x08004699   Thumb Code     2  stm32g4xx_it.o(i.SVC_Handler)
    SysTick_Handler                          0x0800469b   Thumb Code     8  stm32g4xx_it.o(i.SysTick_Handler)
    SystemClock_Config                       0x080046a3   Thumb Code   104  main.o(i.SystemClock_Config)
    SystemInit                               0x0800470d   Thumb Code    14  system_stm32g4xx.o(i.SystemInit)
    TIM1_UP_TIM16_IRQHandler                 0x08004721   Thumb Code    10  stm32g4xx_it.o(i.TIM1_UP_TIM16_IRQHandler)
    TIM_Base_SetConfig                       0x08004731   Thumb Code   174  stm32g4xx_hal_tim.o(i.TIM_Base_SetConfig)
    TIM_ETR_SetConfig                        0x080047fd   Thumb Code    22  stm32g4xx_hal_tim.o(i.TIM_ETR_SetConfig)
    UART_AdvFeatureConfig                    0x080048d5   Thumb Code   248  stm32g4xx_hal_uart.o(i.UART_AdvFeatureConfig)
    UART_CheckIdleState                      0x080049cd   Thumb Code   234  stm32g4xx_hal_uart.o(i.UART_CheckIdleState)
    UART_SetConfig                           0x08004c69   Thumb Code   858  stm32g4xx_hal_uart.o(i.UART_SetConfig)
    UART_WaitOnFlagUntilTimeout              0x08004fed   Thumb Code   172  stm32g4xx_hal_uart.o(i.UART_WaitOnFlagUntilTimeout)
    USART1_IRQHandler                        0x08005099   Thumb Code    10  stm32g4xx_it.o(i.USART1_IRQHandler)
    UsageFault_Handler                       0x080050a9   Thumb Code     4  stm32g4xx_it.o(i.UsageFault_Handler)
    __0printf                                0x080050ad   Thumb Code    22  printfa.o(i.__0printf)
    __1printf                                0x080050ad   Thumb Code     0  printfa.o(i.__0printf)
    __2printf                                0x080050ad   Thumb Code     0  printfa.o(i.__0printf)
    __c89printf                              0x080050ad   Thumb Code     0  printfa.o(i.__0printf)
    printf                                   0x080050ad   Thumb Code     0  printfa.o(i.__0printf)
    __0vsnprintf                             0x080050cd   Thumb Code    46  printfa.o(i.__0vsnprintf)
    __1vsnprintf                             0x080050cd   Thumb Code     0  printfa.o(i.__0vsnprintf)
    __2vsnprintf                             0x080050cd   Thumb Code     0  printfa.o(i.__0vsnprintf)
    __c89vsnprintf                           0x080050cd   Thumb Code     0  printfa.o(i.__0vsnprintf)
    vsnprintf                                0x080050cd   Thumb Code     0  printfa.o(i.__0vsnprintf)
    __ARM_fpclassifyf                        0x08005101   Thumb Code    38  fpclassifyf.o(i.__ARM_fpclassifyf)
    __hardfp_asinf                           0x08005161   Thumb Code   258  asinf.o(i.__hardfp_asinf)
    __hardfp_atan2f                          0x0800528d   Thumb Code   594  atan2f.o(i.__hardfp_atan2f)
    __hardfp_fabs                            0x08005539   Thumb Code    20  fabs.o(i.__hardfp_fabs)
    __mathlib_flt_infnan                     0x0800554d   Thumb Code     6  funder.o(i.__mathlib_flt_infnan)
    __mathlib_flt_infnan2                    0x08005553   Thumb Code     6  funder.o(i.__mathlib_flt_infnan2)
    __mathlib_flt_invalid                    0x08005559   Thumb Code    10  funder.o(i.__mathlib_flt_invalid)
    __mathlib_flt_underflow                  0x08005569   Thumb Code    10  funder.o(i.__mathlib_flt_underflow)
    __scatterload_copy                       0x08005579   Thumb Code    14  handlers.o(i.__scatterload_copy)
    __scatterload_null                       0x08005587   Thumb Code     2  handlers.o(i.__scatterload_null)
    __scatterload_zeroinit                   0x08005589   Thumb Code    14  handlers.o(i.__scatterload_zeroinit)
    __set_errno                              0x08005599   Thumb Code     6  errno.o(i.__set_errno)
    delay_init                               0x08005eb5   Thumb Code    16  delay.o(i.delay_init)
    delay_ms                                 0x08005ec9   Thumb Code    50  delay.o(i.delay_ms)
    delay_us                                 0x08005efd   Thumb Code    68  delay.o(i.delay_us)
    fputc                                    0x08005f45   Thumb Code    22  usart.o(i.fputc)
    icm45686_data_update                     0x08005f61   Thumb Code   192  icm45686_task.o(i.icm45686_data_update)
    imu_init                                 0x0800602d   Thumb Code   296  icm45686_task.o(i.imu_init)
    invSqrt                                  0x08006171   Thumb Code    56  hana_math.o(i.invSqrt)
    inv_imu_get_endianness                   0x080061ad   Thumb Code    38  inv_imu_driver.o(i.inv_imu_get_endianness)
    inv_imu_get_register_data                0x080061d3   Thumb Code   208  inv_imu_driver.o(i.inv_imu_get_register_data)
    inv_imu_get_who_am_i                     0x080062a3   Thumb Code    44  inv_imu_driver.o(i.inv_imu_get_who_am_i)
    inv_imu_read_reg                         0x080062cf   Thumb Code    48  inv_imu_transport.o(i.inv_imu_read_reg)
    inv_imu_select_accel_lp_clk              0x080062ff   Thumb Code    54  inv_imu_driver.o(i.inv_imu_select_accel_lp_clk)
    inv_imu_set_accel_frequency              0x08006335   Thumb Code    50  inv_imu_driver.o(i.inv_imu_set_accel_frequency)
    inv_imu_set_accel_fsr                    0x08006367   Thumb Code    64  inv_imu_driver.o(i.inv_imu_set_accel_fsr)
    inv_imu_set_accel_ln_bw                  0x080063a7   Thumb Code    54  inv_imu_driver.o(i.inv_imu_set_accel_ln_bw)
    inv_imu_set_accel_mode                   0x080063dd   Thumb Code    58  inv_imu_driver.o(i.inv_imu_set_accel_mode)
    inv_imu_set_config_int                   0x08006417   Thumb Code   252  inv_imu_driver.o(i.inv_imu_set_config_int)
    inv_imu_set_gyro_frequency               0x08006513   Thumb Code    50  inv_imu_driver.o(i.inv_imu_set_gyro_frequency)
    inv_imu_set_gyro_fsr                     0x08006545   Thumb Code    50  inv_imu_driver.o(i.inv_imu_set_gyro_fsr)
    inv_imu_set_gyro_ln_bw                   0x08006577   Thumb Code    54  inv_imu_driver.o(i.inv_imu_set_gyro_ln_bw)
    inv_imu_set_gyro_mode                    0x080065ad   Thumb Code    58  inv_imu_driver.o(i.inv_imu_set_gyro_mode)
    inv_imu_set_pin_config_int               0x080065e7   Thumb Code   106  inv_imu_driver.o(i.inv_imu_set_pin_config_int)
    inv_imu_sleep_us                         0x08006651   Thumb Code    18  inv_imu_driver.o(i.inv_imu_sleep_us)
    inv_imu_soft_reset                       0x08006663   Thumb Code   138  inv_imu_driver.o(i.inv_imu_soft_reset)
    inv_imu_write_reg                        0x080066ed   Thumb Code    48  inv_imu_transport.o(i.inv_imu_write_reg)
    main                                     0x0800671d   Thumb Code   114  main.o(i.main)
    si_io_imu1_read_reg                      0x08006831   Thumb Code    82  icm45686_task.o(i.si_io_imu1_read_reg)
    si_io_imu1_write_reg                     0x0800688d   Thumb Code    78  icm45686_task.o(i.si_io_imu1_write_reg)
    si_io_imu2_read_reg                      0x080068e5   Thumb Code    88  icm45686_task.o(i.si_io_imu2_read_reg)
    si_io_imu2_write_reg                     0x08006941   Thumb Code    84  icm45686_task.o(i.si_io_imu2_write_reg)
    si_sleep_us                              0x08006999   Thumb Code    12  icm45686_task.o(i.si_sleep_us)
    sq                                       0x080069a5   Thumb Code    10  hana_math.o(i.sq)
    sqrtf                                    0x080069af   Thumb Code    62  sqrtf.o(i.sqrtf)
    uart_printf                              0x080069ed   Thumb Code    56  usart.o(i.uart_printf)
    UARTPrescTable                           0x08006ac8   Data          24  stm32g4xx_hal_uart.o(.constdata)
    AHBPrescTable                            0x08006af0   Data          16  system_stm32g4xx.o(.constdata)
    APBPrescTable                            0x08006b00   Data           8  system_stm32g4xx.o(.constdata)
    Region$$Table$$Base                      0x08006b08   Number         0  anon$$obj.o(Region$$Table)
    Region$$Table$$Limit                     0x08006b28   Number         0  anon$$obj.o(Region$$Table)
    tim1_cnt_2ms                             0x20000000   Data           4  tim.o(.data)
    tim1_cnt_5ms                             0x20000004   Data           4  tim.o(.data)
    tim1_cnt_10ms                            0x20000008   Data           4  tim.o(.data)
    tim1_cnt_500ms                           0x2000000c   Data           4  tim.o(.data)
    uwTick                                   0x20000010   Data           4  stm32g4xx_hal.o(.data)
    uwTickPrio                               0x20000014   Data           4  stm32g4xx_hal.o(.data)
    uwTickFreq                               0x20000018   Data           4  stm32g4xx_hal.o(.data)
    SystemCoreClock                          0x2000001c   Data           4  system_stm32g4xx.o(.data)
    __stdout                                 0x2000003c   Data           4  stdout.o(.data)
    hspi1                                    0x20000044   Data         100  spi.o(.bss)
    hspi3                                    0x200000a8   Data         100  spi.o(.bss)
    htim1                                    0x2000010c   Data          76  tim.o(.bss)
    UserTxBufferFS                           0x20000158   Data         512  usart.o(.bss)
    huart1                                   0x20000358   Data         148  usart.o(.bss)
    hdma_usart1_rx                           0x200003ec   Data          96  usart.o(.bss)
    hdma_usart1_tx                           0x2000044c   Data          96  usart.o(.bss)
    myIMU1                                   0x200004b0   Data          88  icm45686_task.o(.bss)
    myIMU2                                   0x20000508   Data          88  icm45686_task.o(.bss)
    myIMU_data                               0x20000560   Data          14  icm45686_task.o(.bss)
    IMU_Data                                 0x20000570   Data          52  angle.o(.bss)
    Angle_Data                               0x200005a4   Data          12  angle.o(.bss)
    __initial_sp                             0x200045c0   Data           0  startup_stm32g431xx.o(STACK)



==============================================================================

Memory Map of the image

  Image Entry point : 0x080001d9

  Load Region LR_IROM1 (Base: 0x08000000, Size: 0x00006b6c, Max: 0x00020000, ABSOLUTE)

    Execution Region ER_IROM1 (Exec base: 0x08000000, Load base: 0x08000000, Size: 0x00006b28, Max: 0x00020000, ABSOLUTE)

    Exec Addr    Load Addr    Size         Type   Attr      Idx    E Section Name        Object

    0x08000000   0x08000000   0x000001d8   Data   RO            3    RESET               startup_stm32g431xx.o
    0x080001d8   0x080001d8   0x00000000   Code   RO         4889  * .ARM.Collect$$$$00000000  mc_w.l(entry.o)
    0x080001d8   0x080001d8   0x00000004   Code   RO         5177    .ARM.Collect$$$$00000001  mc_w.l(entry2.o)
    0x080001dc   0x080001dc   0x00000004   Code   RO         5180    .ARM.Collect$$$$00000004  mc_w.l(entry5.o)
    0x080001e0   0x080001e0   0x00000000   Code   RO         5182    .ARM.Collect$$$$00000008  mc_w.l(entry7b.o)
    0x080001e0   0x080001e0   0x00000000   Code   RO         5184    .ARM.Collect$$$$0000000A  mc_w.l(entry8b.o)
    0x080001e0   0x080001e0   0x00000008   Code   RO         5185    .ARM.Collect$$$$0000000B  mc_w.l(entry9a.o)
    0x080001e8   0x080001e8   0x00000004   Code   RO         5192    .ARM.Collect$$$$0000000E  mc_w.l(entry12b.o)
    0x080001ec   0x080001ec   0x00000000   Code   RO         5187    .ARM.Collect$$$$0000000F  mc_w.l(entry10a.o)
    0x080001ec   0x080001ec   0x00000000   Code   RO         5189    .ARM.Collect$$$$00000011  mc_w.l(entry11a.o)
    0x080001ec   0x080001ec   0x00000004   Code   RO         5178    .ARM.Collect$$$$00002712  mc_w.l(entry2.o)
    0x080001f0   0x080001f0   0x00000024   Code   RO            4    .text               startup_stm32g431xx.o
    0x08000214   0x08000214   0x00000062   Code   RO         4892    .text               mc_w.l(uldiv.o)
    0x08000276   0x08000276   0x00000024   Code   RO         4894    .text               mc_w.l(memseta.o)
    0x0800029a   0x0800029a   0x00000026   Code   RO         5157    .text               mf_w.l(f2d.o)
    0x080002c0   0x080002c0   0x00000030   Code   RO         5159    .text               mf_w.l(cdrcmple.o)
    0x080002f0   0x080002f0   0x0000002c   Code   RO         5194    .text               mc_w.l(uidiv.o)
    0x0800031c   0x0800031c   0x0000001e   Code   RO         5196    .text               mc_w.l(llshl.o)
    0x0800033a   0x0800033a   0x00000020   Code   RO         5198    .text               mc_w.l(llushr.o)
    0x0800035a   0x0800035a   0x00000000   Code   RO         5207    .text               mc_w.l(iusefp.o)
    0x0800035a   0x0800035a   0x0000014e   Code   RO         5208    .text               mf_w.l(dadd.o)
    0x080004a8   0x080004a8   0x000000e4   Code   RO         5210    .text               mf_w.l(dmul.o)
    0x0800058c   0x0800058c   0x000000de   Code   RO         5212    .text               mf_w.l(ddiv.o)
    0x0800066a   0x0800066a   0x00000030   Code   RO         5214    .text               mf_w.l(dfixul.o)
    0x0800069a   0x0800069a   0x00000002   PAD
    0x0800069c   0x0800069c   0x00000024   Code   RO         5216    .text               mc_w.l(init.o)
    0x080006c0   0x080006c0   0x00000024   Code   RO         5218    .text               mc_w.l(llsshr.o)
    0x080006e4   0x080006e4   0x000000ba   Code   RO         5220    .text               mf_w.l(depilogue.o)
    0x0800079e   0x0800079e   0x00000004   Code   RO          440    i.BusFault_Handler  stm32g4xx_it.o
    0x080007a2   0x080007a2   0x00000002   PAD
    0x080007a4   0x080007a4   0x00000010   Code   RO          441    i.DMA1_Channel1_IRQHandler  stm32g4xx_it.o
    0x080007b4   0x080007b4   0x00000010   Code   RO          442    i.DMA1_Channel2_IRQHandler  stm32g4xx_it.o
    0x080007c4   0x080007c4   0x00000044   Code   RO         1832    i.DMA_CalcDMAMUXChannelBaseAndMask  stm32g4xx_hal_dma.o
    0x08000808   0x08000808   0x00000024   Code   RO         1833    i.DMA_CalcDMAMUXRequestGenBaseAndMask  stm32g4xx_hal_dma.o
    0x0800082c   0x0800082c   0x00000040   Code   RO         1834    i.DMA_SetConfig     stm32g4xx_hal_dma.o
    0x0800086c   0x0800086c   0x00000002   Code   RO          443    i.DebugMon_Handler  stm32g4xx_it.o
    0x0800086e   0x0800086e   0x0000000a   Code   RO          444    i.EXTI4_IRQHandler  stm32g4xx_it.o
    0x08000878   0x08000878   0x00000006   Code   RO           13    i.Error_Handler     main.o
    0x0800087e   0x0800087e   0x00000076   Code   RO         1835    i.HAL_DMA_Abort     stm32g4xx_hal_dma.o
    0x080008f4   0x080008f4   0x00000094   Code   RO         1836    i.HAL_DMA_Abort_IT  stm32g4xx_hal_dma.o
    0x08000988   0x08000988   0x000000fe   Code   RO         1840    i.HAL_DMA_IRQHandler  stm32g4xx_hal_dma.o
    0x08000a86   0x08000a86   0x00000002   PAD
    0x08000a88   0x08000a88   0x000000d0   Code   RO         1841    i.HAL_DMA_Init      stm32g4xx_hal_dma.o
    0x08000b58   0x08000b58   0x000000c2   Code   RO         1845    i.HAL_DMA_Start_IT  stm32g4xx_hal_dma.o
    0x08000c1a   0x08000c1a   0x00000002   PAD
    0x08000c1c   0x08000c1c   0x0000002c   Code   RO          224    i.HAL_GPIO_EXTI_Callback  gpio.o
    0x08000c48   0x08000c48   0x0000001c   Code   RO         1696    i.HAL_GPIO_EXTI_IRQHandler  stm32g4xx_hal_gpio.o
    0x08000c64   0x08000c64   0x000001cc   Code   RO         1697    i.HAL_GPIO_Init     stm32g4xx_hal_gpio.o
    0x08000e30   0x08000e30   0x00000014   Code   RO         1700    i.HAL_GPIO_TogglePin  stm32g4xx_hal_gpio.o
    0x08000e44   0x08000e44   0x0000000a   Code   RO         1701    i.HAL_GPIO_WritePin  stm32g4xx_hal_gpio.o
    0x08000e4e   0x08000e4e   0x00000002   PAD
    0x08000e50   0x08000e50   0x0000000c   Code   RO          932    i.HAL_GetTick       stm32g4xx_hal.o
    0x08000e5c   0x08000e5c   0x00000018   Code   RO          938    i.HAL_IncTick       stm32g4xx_hal.o
    0x08000e74   0x08000e74   0x0000001e   Code   RO          939    i.HAL_Init          stm32g4xx_hal.o
    0x08000e92   0x08000e92   0x00000002   PAD
    0x08000e94   0x08000e94   0x00000058   Code   RO          940    i.HAL_InitTick      stm32g4xx_hal.o
    0x08000eec   0x08000eec   0x00000048   Code   RO          546    i.HAL_MspInit       stm32g4xx_hal_msp.o
    0x08000f34   0x08000f34   0x00000028   Code   RO         2346    i.HAL_NVIC_EnableIRQ  stm32g4xx_hal_cortex.o
    0x08000f5c   0x08000f5c   0x0000007a   Code   RO         2352    i.HAL_NVIC_SetPriority  stm32g4xx_hal_cortex.o
    0x08000fd6   0x08000fd6   0x00000002   PAD
    0x08000fd8   0x08000fd8   0x00000028   Code   RO         2353    i.HAL_NVIC_SetPriorityGrouping  stm32g4xx_hal_cortex.o
    0x08001000   0x08001000   0x00000118   Code   RO         2100    i.HAL_PWREx_ControlVoltageScaling  stm32g4xx_hal_pwr_ex.o
    0x08001118   0x08001118   0x00000014   Code   RO         2112    i.HAL_PWREx_DisableUCPDDeadBattery  stm32g4xx_hal_pwr_ex.o
    0x0800112c   0x0800112c   0x00000370   Code   RO         1304    i.HAL_RCCEx_PeriphCLKConfig  stm32g4xx_hal_rcc_ex.o
    0x0800149c   0x0800149c   0x00000224   Code   RO         1174    i.HAL_RCC_ClockConfig  stm32g4xx_hal_rcc.o
    0x080016c0   0x080016c0   0x0000000c   Code   RO         1180    i.HAL_RCC_GetHCLKFreq  stm32g4xx_hal_rcc.o
    0x080016cc   0x080016cc   0x00000024   Code   RO         1182    i.HAL_RCC_GetPCLK1Freq  stm32g4xx_hal_rcc.o
    0x080016f0   0x080016f0   0x00000024   Code   RO         1183    i.HAL_RCC_GetPCLK2Freq  stm32g4xx_hal_rcc.o
    0x08001714   0x08001714   0x00000094   Code   RO         1184    i.HAL_RCC_GetSysClockFreq  stm32g4xx_hal_rcc.o
    0x080017a8   0x080017a8   0x0000055c   Code   RO         1187    i.HAL_RCC_OscConfig  stm32g4xx_hal_rcc.o
    0x08001d04   0x08001d04   0x000000fc   Code   RO          581    i.HAL_SPI_Init      stm32g4xx_hal_spi.o
    0x08001e00   0x08001e00   0x000000d8   Code   RO          283    i.HAL_SPI_MspInit   spi.o
    0x08001ed8   0x08001ed8   0x000001b8   Code   RO          584    i.HAL_SPI_Receive   stm32g4xx_hal_spi.o
    0x08002090   0x08002090   0x000001fa   Code   RO          589    i.HAL_SPI_Transmit  stm32g4xx_hal_spi.o
    0x0800228a   0x0800228a   0x000002da   Code   RO          590    i.HAL_SPI_TransmitReceive  stm32g4xx_hal_spi.o
    0x08002564   0x08002564   0x00000028   Code   RO         2355    i.HAL_SYSTICK_CLKSourceConfig  stm32g4xx_hal_cortex.o
    0x0800258c   0x0800258c   0x00000034   Code   RO         2357    i.HAL_SYSTICK_Config  stm32g4xx_hal_cortex.o
    0x080025c0   0x080025c0   0x00000002   Code   RO         3218    i.HAL_TIMEx_Break2Callback  stm32g4xx_hal_tim_ex.o
    0x080025c2   0x080025c2   0x00000002   Code   RO         3219    i.HAL_TIMEx_BreakCallback  stm32g4xx_hal_tim_ex.o
    0x080025c4   0x080025c4   0x00000002   Code   RO         3220    i.HAL_TIMEx_CommutCallback  stm32g4xx_hal_tim_ex.o
    0x080025c6   0x080025c6   0x00000002   Code   RO         3231    i.HAL_TIMEx_DirectionChangeCallback  stm32g4xx_hal_tim_ex.o
    0x080025c8   0x080025c8   0x00000002   Code   RO         3245    i.HAL_TIMEx_EncoderIndexCallback  stm32g4xx_hal_tim_ex.o
    0x080025ca   0x080025ca   0x00000002   Code   RO         3259    i.HAL_TIMEx_IndexErrorCallback  stm32g4xx_hal_tim_ex.o
    0x080025cc   0x080025cc   0x000000b8   Code   RO         3260    i.HAL_TIMEx_MasterConfigSynchronization  stm32g4xx_hal_tim_ex.o
    0x08002684   0x08002684   0x00000002   Code   RO         3281    i.HAL_TIMEx_TransitionErrorCallback  stm32g4xx_hal_tim_ex.o
    0x08002686   0x08002686   0x0000006e   Code   RO         2493    i.HAL_TIM_Base_Init  stm32g4xx_hal_tim.o
    0x080026f4   0x080026f4   0x00000044   Code   RO          331    i.HAL_TIM_Base_MspInit  tim.o
    0x08002738   0x08002738   0x0000009c   Code   RO         2498    i.HAL_TIM_Base_Start_IT  stm32g4xx_hal_tim.o
    0x080027d4   0x080027d4   0x00000134   Code   RO         2502    i.HAL_TIM_ConfigClockSource  stm32g4xx_hal_tim.o
    0x08002908   0x08002908   0x00000002   Code   RO         2527    i.HAL_TIM_IC_CaptureCallback  stm32g4xx_hal_tim.o
    0x0800290a   0x0800290a   0x00000220   Code   RO         2541    i.HAL_TIM_IRQHandler  stm32g4xx_hal_tim.o
    0x08002b2a   0x08002b2a   0x00000002   Code   RO         2544    i.HAL_TIM_OC_DelayElapsedCallback  stm32g4xx_hal_tim.o
    0x08002b2c   0x08002b2c   0x00000002   Code   RO         2571    i.HAL_TIM_PWM_PulseFinishedCallback  stm32g4xx_hal_tim.o
    0x08002b2e   0x08002b2e   0x00000002   PAD
    0x08002b30   0x08002b30   0x00000124   Code   RO          332    i.HAL_TIM_PeriodElapsedCallback  tim.o
    0x08002c54   0x08002c54   0x00000002   Code   RO         2584    i.HAL_TIM_TriggerCallback  stm32g4xx_hal_tim.o
    0x08002c56   0x08002c56   0x0000004e   Code   RO         4072    i.HAL_UARTEx_DisableFifoMode  stm32g4xx_hal_uart_ex.o
    0x08002ca4   0x08002ca4   0x00000002   Code   RO         3656    i.HAL_UARTEx_RxEventCallback  stm32g4xx_hal_uart.o
    0x08002ca6   0x08002ca6   0x00000002   Code   RO         4080    i.HAL_UARTEx_RxFifoFullCallback  stm32g4xx_hal_uart_ex.o
    0x08002ca8   0x08002ca8   0x0000005e   Code   RO         4081    i.HAL_UARTEx_SetRxFifoThreshold  stm32g4xx_hal_uart_ex.o
    0x08002d06   0x08002d06   0x0000005e   Code   RO         4082    i.HAL_UARTEx_SetTxFifoThreshold  stm32g4xx_hal_uart_ex.o
    0x08002d64   0x08002d64   0x00000002   Code   RO         4084    i.HAL_UARTEx_TxFifoEmptyCallback  stm32g4xx_hal_uart_ex.o
    0x08002d66   0x08002d66   0x00000002   Code   RO         4085    i.HAL_UARTEx_WakeupCallback  stm32g4xx_hal_uart_ex.o
    0x08002d68   0x08002d68   0x00000002   Code   RO         3672    i.HAL_UART_ErrorCallback  stm32g4xx_hal_uart.o
    0x08002d6a   0x08002d6a   0x00000002   PAD
    0x08002d6c   0x08002d6c   0x000003d0   Code   RO         3675    i.HAL_UART_IRQHandler  stm32g4xx_hal_uart.o
    0x0800313c   0x0800313c   0x00000078   Code   RO         3676    i.HAL_UART_Init     stm32g4xx_hal_uart.o
    0x080031b4   0x080031b4   0x00000120   Code   RO          380    i.HAL_UART_MspInit  usart.o
    0x080032d4   0x080032d4   0x000000c2   Code   RO         3685    i.HAL_UART_Transmit  stm32g4xx_hal_uart.o
    0x08003396   0x08003396   0x00000002   PAD
    0x08003398   0x08003398   0x000000a0   Code   RO         3686    i.HAL_UART_Transmit_DMA  stm32g4xx_hal_uart.o
    0x08003438   0x08003438   0x00000002   Code   RO         3688    i.HAL_UART_TxCpltCallback  stm32g4xx_hal_uart.o
    0x0800343a   0x0800343a   0x00000002   Code   RO         3689    i.HAL_UART_TxHalfCpltCallback  stm32g4xx_hal_uart.o
    0x0800343c   0x0800343c   0x00000004   Code   RO          445    i.HardFault_Handler  stm32g4xx_it.o
    0x08003440   0x08003440   0x000006dc   Code   RO         4577    i.IMU_Calibration   angle.o
    0x08003b1c   0x08003b1c   0x00000094   Code   RO         4578    i.IMU_DataUpdate    angle.o
    0x08003bb0   0x08003bb0   0x000004f0   Code   RO         4579    i.IMU_GetAngle      angle.o
    0x080040a0   0x080040a0   0x00000060   Code   RO          258    i.MX_DMA_Init       dma.o
    0x08004100   0x08004100   0x000000f0   Code   RO          225    i.MX_GPIO_Init      gpio.o
    0x080041f0   0x080041f0   0x00000050   Code   RO          284    i.MX_SPI1_Init      spi.o
    0x08004240   0x08004240   0x00000050   Code   RO          285    i.MX_SPI3_Init      spi.o
    0x08004290   0x08004290   0x00000074   Code   RO          333    i.MX_TIM1_Init      tim.o
    0x08004304   0x08004304   0x0000006c   Code   RO          381    i.MX_USART1_UART_Init  usart.o
    0x08004370   0x08004370   0x00000004   Code   RO          446    i.MemManage_Handler  stm32g4xx_it.o
    0x08004374   0x08004374   0x00000004   Code   RO          447    i.NMI_Handler       stm32g4xx_it.o
    0x08004378   0x08004378   0x00000002   Code   RO          448    i.PendSV_Handler    stm32g4xx_it.o
    0x0800437a   0x0800437a   0x00000002   PAD
    0x0800437c   0x0800437c   0x00000064   Code   RO         1188    i.RCC_GetSysClockFreqFromPLLSource  stm32g4xx_hal_rcc.o
    0x080043e0   0x080043e0   0x00000082   Code   RO          618    i.SPI_EndRxTransaction  stm32g4xx_hal_spi.o
    0x08004462   0x08004462   0x00000064   Code   RO          619    i.SPI_EndRxTxTransaction  stm32g4xx_hal_spi.o
    0x080044c6   0x080044c6   0x00000002   PAD
    0x080044c8   0x080044c8   0x000000f8   Code   RO          624    i.SPI_WaitFifoStateUntilTimeout  stm32g4xx_hal_spi.o
    0x080045c0   0x080045c0   0x000000d8   Code   RO          625    i.SPI_WaitFlagStateUntilTimeout  stm32g4xx_hal_spi.o
    0x08004698   0x08004698   0x00000002   Code   RO          449    i.SVC_Handler       stm32g4xx_it.o
    0x0800469a   0x0800469a   0x00000008   Code   RO          450    i.SysTick_Handler   stm32g4xx_it.o
    0x080046a2   0x080046a2   0x00000068   Code   RO           14    i.SystemClock_Config  main.o
    0x0800470a   0x0800470a   0x00000002   PAD
    0x0800470c   0x0800470c   0x00000014   Code   RO         4196    i.SystemInit        system_stm32g4xx.o
    0x08004720   0x08004720   0x00000010   Code   RO          451    i.TIM1_UP_TIM16_IRQHandler  stm32g4xx_it.o
    0x08004730   0x08004730   0x000000cc   Code   RO         2586    i.TIM_Base_SetConfig  stm32g4xx_hal_tim.o
    0x080047fc   0x080047fc   0x00000016   Code   RO         2597    i.TIM_ETR_SetConfig  stm32g4xx_hal_tim.o
    0x08004812   0x08004812   0x00000002   PAD
    0x08004814   0x08004814   0x00000018   Code   RO         2598    i.TIM_ITRx_SetConfig  stm32g4xx_hal_tim.o
    0x0800482c   0x0800482c   0x00000026   Code   RO         2606    i.TIM_TI1_ConfigInputStage  stm32g4xx_hal_tim.o
    0x08004852   0x08004852   0x00000028   Code   RO         2608    i.TIM_TI2_ConfigInputStage  stm32g4xx_hal_tim.o
    0x0800487a   0x0800487a   0x00000002   PAD
    0x0800487c   0x0800487c   0x00000058   Code   RO         4086    i.UARTEx_SetNbDataToProcess  stm32g4xx_hal_uart_ex.o
    0x080048d4   0x080048d4   0x000000f8   Code   RO         3690    i.UART_AdvFeatureConfig  stm32g4xx_hal_uart.o
    0x080049cc   0x080049cc   0x000000ea   Code   RO         3691    i.UART_CheckIdleState  stm32g4xx_hal_uart.o
    0x08004ab6   0x08004ab6   0x00000014   Code   RO         3692    i.UART_DMAAbortOnError  stm32g4xx_hal_uart.o
    0x08004aca   0x08004aca   0x0000005e   Code   RO         3693    i.UART_DMAError     stm32g4xx_hal_uart.o
    0x08004b28   0x08004b28   0x00000056   Code   RO         3698    i.UART_DMATransmitCplt  stm32g4xx_hal_uart.o
    0x08004b7e   0x08004b7e   0x0000000e   Code   RO         3700    i.UART_DMATxHalfCplt  stm32g4xx_hal_uart.o
    0x08004b8c   0x08004b8c   0x0000006c   Code   RO         3702    i.UART_EndRxTransfer  stm32g4xx_hal_uart.o
    0x08004bf8   0x08004bf8   0x00000030   Code   RO         3703    i.UART_EndTransmit_IT  stm32g4xx_hal_uart.o
    0x08004c28   0x08004c28   0x00000040   Code   RO         3704    i.UART_EndTxTransfer  stm32g4xx_hal_uart.o
    0x08004c68   0x08004c68   0x00000384   Code   RO         3709    i.UART_SetConfig    stm32g4xx_hal_uart.o
    0x08004fec   0x08004fec   0x000000ac   Code   RO         3716    i.UART_WaitOnFlagUntilTimeout  stm32g4xx_hal_uart.o
    0x08005098   0x08005098   0x00000010   Code   RO          452    i.USART1_IRQHandler  stm32g4xx_it.o
    0x080050a8   0x080050a8   0x00000004   Code   RO          453    i.UsageFault_Handler  stm32g4xx_it.o
    0x080050ac   0x080050ac   0x00000020   Code   RO         5129    i.__0printf         mc_w.l(printfa.o)
    0x080050cc   0x080050cc   0x00000034   Code   RO         5134    i.__0vsnprintf      mc_w.l(printfa.o)
    0x08005100   0x08005100   0x00000026   Code   RO         5161    i.__ARM_fpclassifyf  m_wm.l(fpclassifyf.o)
    0x08005126   0x08005126   0x00000002   PAD
    0x08005128   0x08005128   0x00000010   Code   RO         2359    i.__NVIC_GetPriorityGrouping  stm32g4xx_hal_cortex.o
    0x08005138   0x08005138   0x00000028   Code   RO         2360    i.__NVIC_SetPriority  stm32g4xx_hal_cortex.o
    0x08005160   0x08005160   0x0000012c   Code   RO         4847    i.__hardfp_asinf    m_wm.l(asinf.o)
    0x0800528c   0x0800528c   0x000002ac   Code   RO         4859    i.__hardfp_atan2f   m_wm.l(atan2f.o)
    0x08005538   0x08005538   0x00000014   Code   RO         4871    i.__hardfp_fabs     m_wm.l(fabs.o)
    0x0800554c   0x0800554c   0x00000006   Code   RO         5164    i.__mathlib_flt_infnan  m_wm.l(funder.o)
    0x08005552   0x08005552   0x00000006   Code   RO         5165    i.__mathlib_flt_infnan2  m_wm.l(funder.o)
    0x08005558   0x08005558   0x00000010   Code   RO         5166    i.__mathlib_flt_invalid  m_wm.l(funder.o)
    0x08005568   0x08005568   0x00000010   Code   RO         5169    i.__mathlib_flt_underflow  m_wm.l(funder.o)
    0x08005578   0x08005578   0x0000000e   Code   RO         5224    i.__scatterload_copy  mc_w.l(handlers.o)
    0x08005586   0x08005586   0x00000002   Code   RO         5225    i.__scatterload_null  mc_w.l(handlers.o)
    0x08005588   0x08005588   0x0000000e   Code   RO         5226    i.__scatterload_zeroinit  mc_w.l(handlers.o)
    0x08005596   0x08005596   0x00000002   PAD
    0x08005598   0x08005598   0x0000000c   Code   RO         5202    i.__set_errno       mc_w.l(errno.o)
    0x080055a4   0x080055a4   0x00000184   Code   RO         5136    i._fp_digits        mc_w.l(printfa.o)
    0x08005728   0x08005728   0x000006b4   Code   RO         5137    i._printf_core      mc_w.l(printfa.o)
    0x08005ddc   0x08005ddc   0x00000024   Code   RO         5138    i._printf_post_padding  mc_w.l(printfa.o)
    0x08005e00   0x08005e00   0x0000002e   Code   RO         5139    i._printf_pre_padding  mc_w.l(printfa.o)
    0x08005e2e   0x08005e2e   0x00000016   Code   RO         5140    i._snputc           mc_w.l(printfa.o)
    0x08005e44   0x08005e44   0x00000070   Code   RO         4400    i.check_out_of_bounds_mreg  inv_imu_transport.o
    0x08005eb4   0x08005eb4   0x00000014   Code   RO         4524    i.delay_init        delay.o
    0x08005ec8   0x08005ec8   0x00000032   Code   RO         4525    i.delay_ms          delay.o
    0x08005efa   0x08005efa   0x00000002   PAD
    0x08005efc   0x08005efc   0x00000048   Code   RO         4526    i.delay_us          delay.o
    0x08005f44   0x08005f44   0x0000001c   Code   RO          382    i.fputc             usart.o
    0x08005f60   0x08005f60   0x000000cc   Code   RO         4458    i.icm45686_data_update  icm45686_task.o
    0x0800602c   0x0800602c   0x00000144   Code   RO         4459    i.imu_init          icm45686_task.o
    0x08006170   0x08006170   0x0000003c   Code   RO         4704    i.invSqrt           hana_math.o
    0x080061ac   0x080061ac   0x00000026   Code   RO         4231    i.inv_imu_get_endianness  inv_imu_driver.o
    0x080061d2   0x080061d2   0x000000d0   Code   RO         4236    i.inv_imu_get_register_data  inv_imu_driver.o
    0x080062a2   0x080062a2   0x0000002c   Code   RO         4238    i.inv_imu_get_who_am_i  inv_imu_driver.o
    0x080062ce   0x080062ce   0x00000030   Code   RO         4401    i.inv_imu_read_reg  inv_imu_transport.o
    0x080062fe   0x080062fe   0x00000036   Code   RO         4239    i.inv_imu_select_accel_lp_clk  inv_imu_driver.o
    0x08006334   0x08006334   0x00000032   Code   RO         4240    i.inv_imu_set_accel_frequency  inv_imu_driver.o
    0x08006366   0x08006366   0x00000040   Code   RO         4241    i.inv_imu_set_accel_fsr  inv_imu_driver.o
    0x080063a6   0x080063a6   0x00000036   Code   RO         4242    i.inv_imu_set_accel_ln_bw  inv_imu_driver.o
    0x080063dc   0x080063dc   0x0000003a   Code   RO         4244    i.inv_imu_set_accel_mode  inv_imu_driver.o
    0x08006416   0x08006416   0x000000fc   Code   RO         4245    i.inv_imu_set_config_int  inv_imu_driver.o
    0x08006512   0x08006512   0x00000032   Code   RO         4247    i.inv_imu_set_gyro_frequency  inv_imu_driver.o
    0x08006544   0x08006544   0x00000032   Code   RO         4248    i.inv_imu_set_gyro_fsr  inv_imu_driver.o
    0x08006576   0x08006576   0x00000036   Code   RO         4249    i.inv_imu_set_gyro_ln_bw  inv_imu_driver.o
    0x080065ac   0x080065ac   0x0000003a   Code   RO         4251    i.inv_imu_set_gyro_mode  inv_imu_driver.o
    0x080065e6   0x080065e6   0x0000006a   Code   RO         4252    i.inv_imu_set_pin_config_int  inv_imu_driver.o
    0x08006650   0x08006650   0x00000012   Code   RO         4253    i.inv_imu_sleep_us  inv_imu_driver.o
    0x08006662   0x08006662   0x0000008a   Code   RO         4254    i.inv_imu_soft_reset  inv_imu_driver.o
    0x080066ec   0x080066ec   0x00000030   Code   RO         4403    i.inv_imu_write_reg  inv_imu_transport.o
    0x0800671c   0x0800671c   0x00000080   Code   RO           15    i.main              main.o
    0x0800679c   0x0800679c   0x00000024   Code   RO         4405    i.read_dreg         inv_imu_transport.o
    0x080067c0   0x080067c0   0x0000006e   Code   RO         4406    i.read_mreg         inv_imu_transport.o
    0x0800682e   0x0800682e   0x00000002   PAD
    0x08006830   0x08006830   0x0000005c   Code   RO         4460    i.si_io_imu1_read_reg  icm45686_task.o
    0x0800688c   0x0800688c   0x00000058   Code   RO         4461    i.si_io_imu1_write_reg  icm45686_task.o
    0x080068e4   0x080068e4   0x0000005c   Code   RO         4462    i.si_io_imu2_read_reg  icm45686_task.o
    0x08006940   0x08006940   0x00000058   Code   RO         4463    i.si_io_imu2_write_reg  icm45686_task.o
    0x08006998   0x08006998   0x0000000c   Code   RO         4464    i.si_sleep_us       icm45686_task.o
    0x080069a4   0x080069a4   0x0000000a   Code   RO         4713    i.sq                hana_math.o
    0x080069ae   0x080069ae   0x0000003e   Code   RO         4879    i.sqrtf             m_wm.l(sqrtf.o)
    0x080069ec   0x080069ec   0x0000003c   Code   RO          383    i.uart_printf       usart.o
    0x08006a28   0x08006a28   0x00000024   Code   RO         4407    i.write_dreg        inv_imu_transport.o
    0x08006a4c   0x08006a4c   0x0000007c   Code   RO         4408    i.write_mreg        inv_imu_transport.o
    0x08006ac8   0x08006ac8   0x00000018   Data   RO         3717    .constdata          stm32g4xx_hal_uart.o
    0x08006ae0   0x08006ae0   0x00000010   Data   RO         4088    .constdata          stm32g4xx_hal_uart_ex.o
    0x08006af0   0x08006af0   0x00000018   Data   RO         4197    .constdata          system_stm32g4xx.o
    0x08006b08   0x08006b08   0x00000020   Data   RO         5222    Region$$Table       anon$$obj.o


    Execution Region RW_IRAM1 (Exec base: 0x20000000, Load base: 0x08006b28, Size: 0x000045c0, Max: 0x00008000, ABSOLUTE)

    Exec Addr    Load Addr    Size         Type   Attr      Idx    E Section Name        Object

    0x20000000   0x08006b28   0x00000010   Data   RW          335    .data               tim.o
    0x20000010   0x08006b38   0x0000000c   Data   RW          959    .data               stm32g4xx_hal.o
    0x2000001c   0x08006b44   0x00000004   Data   RW         4198    .data               system_stm32g4xx.o
    0x20000020   0x08006b48   0x00000004   Data   RW         4527    .data               delay.o
    0x20000024   0x08006b4c   0x00000018   Data   RW         4581    .data               angle.o
    0x2000003c   0x08006b64   0x00000004   Data   RW         5193    .data               mc_w.l(stdout.o)
    0x20000040   0x08006b68   0x00000004   Data   RW         5203    .data               mc_w.l(errno.o)
    0x20000044        -       0x000000c8   Zero   RW          286    .bss                spi.o
    0x2000010c        -       0x0000004c   Zero   RW          334    .bss                tim.o
    0x20000158        -       0x00000354   Zero   RW          384    .bss                usart.o
    0x200004ac   0x08006b6c   0x00000004   PAD
    0x200004b0        -       0x000000be   Zero   RW         4465    .bss                icm45686_task.o
    0x2000056e   0x08006b6c   0x00000002   PAD
    0x20000570        -       0x0000004c   Zero   RW         4580    .bss                angle.o
    0x200005bc   0x08006b6c   0x00000004   PAD
    0x200005c0        -       0x00004000   Zero   RW            1    STACK               startup_stm32g431xx.o


==============================================================================

Image component sizes


      Code (inc. data)   RO Data    RW Data    ZI Data      Debug   Object Name

      3168        268          0         24         76       4371   angle.o
       142          8          0          4          0       2147   delay.o
        96          6          0          0          0        850   dma.o
       284         18          0          0          0       1676   gpio.o
        70          4          0          0          0       1207   hana_math.o
       900         68          0          0        190       7097   icm45686_task.o
      1296          0          0          0          0      14734   inv_imu_driver.o
       514          0          0          0          0       6463   inv_imu_transport.o
       238         14          0          0          0     686481   main.o
       376         32          0          0        200       2450   spi.o
        36          8        472          0      16384        860   startup_stm32g431xx.o
       154         28          0         12          0       3813   stm32g4xx_hal.o
       350         22          0          0          0      35133   stm32g4xx_hal_cortex.o
      1090         22          0          0          0       6506   stm32g4xx_hal_dma.o
       518         36          0          0          0       3452   stm32g4xx_hal_gpio.o
        72          4          0          0          0        906   stm32g4xx_hal_msp.o
       300         18          0          0          0       1453   stm32g4xx_hal_pwr_ex.o
      2252         98          0          0          0       7432   stm32g4xx_hal_rcc.o
       880          8          0          0          0       1928   stm32g4xx_hal_rcc_ex.o
      2622         12          0          0          0       9298   stm32g4xx_hal_spi.o
      1454         78          0          0          0      10303   stm32g4xx_hal_tim.o
       198         26          0          0          0       5748   stm32g4xx_hal_tim_ex.o
      3446         92         24          0          0      35654   stm32g4xx_hal_uart.o
       360         10         16          0          0       5618   stm32g4xx_hal_uart_ex.o
       108         24          0          0          0       7046   stm32g4xx_it.o
        20          6         24          4          0       1199   system_stm32g4xx.o
       476         80          0         16         76       2749   tim.o
       484         44          0          0        852       5221   usart.o

    ----------------------------------------------------------------------
     21936       1034        568         60      17788     871795   Object Totals
         0          0         32          0          0          0   (incl. Generated)
        32          0          0          0         10          0   (incl. Padding)

    ----------------------------------------------------------------------

      Code (inc. data)   RO Data    RW Data    ZI Data      Debug   Library Member Name

       300         42          0          0          0        176   asinf.o
       684         90          0          0          0        208   atan2f.o
        20          0          0          0          0        124   fabs.o
        38          0          0          0          0        116   fpclassifyf.o
        44         12          0          0          0        464   funder.o
        62          0          0          0          0        136   sqrtf.o
         0          0          0          0          0          0   entry.o
         0          0          0          0          0          0   entry10a.o
         0          0          0          0          0          0   entry11a.o
         4          0          0          0          0          0   entry12b.o
         8          4          0          0          0          0   entry2.o
         4          0          0          0          0          0   entry5.o
         0          0          0          0          0          0   entry7b.o
         0          0          0          0          0          0   entry8b.o
         8          4          0          0          0          0   entry9a.o
        12          6          0          4          0         68   errno.o
        30          0          0          0          0          0   handlers.o
        36          8          0          0          0         68   init.o
         0          0          0          0          0          0   iusefp.o
        30          0          0          0          0         68   llshl.o
        36          0          0          0          0         68   llsshr.o
        32          0          0          0          0         68   llushr.o
        36          0          0          0          0        108   memseta.o
      2292         96          0          0          0        612   printfa.o
         0          0          0          4          0          0   stdout.o
        44          0          0          0          0         80   uidiv.o
        98          0          0          0          0         92   uldiv.o
        48          0          0          0          0         68   cdrcmple.o
       334          0          0          0          0        148   dadd.o
       222          0          0          0          0        100   ddiv.o
       186          0          0          0          0        176   depilogue.o
        48          0          0          0          0         68   dfixul.o
       228          0          0          0          0         96   dmul.o
        38          0          0          0          0         68   f2d.o

    ----------------------------------------------------------------------
      4928        262          0          8          0       3180   Library Totals
         6          0          0          0          0          0   (incl. Padding)

    ----------------------------------------------------------------------

      Code (inc. data)   RO Data    RW Data    ZI Data      Debug   Library Name

      1148        144          0          0          0       1224   m_wm.l
      2670        118          0          8          0       1232   mc_w.l
      1104          0          0          0          0        724   mf_w.l

    ----------------------------------------------------------------------
      4928        262          0          8          0       3180   Library Totals

    ----------------------------------------------------------------------

==============================================================================


      Code (inc. data)   RO Data    RW Data    ZI Data      Debug   

     26864       1296        568         68      17788     858343   Grand Totals
     26864       1296        568         68      17788     858343   ELF Image Totals
     26864       1296        568         68          0          0   ROM Totals

==============================================================================

    Total RO  Size (Code + RO Data)                27432 (  26.79kB)
    Total RW  Size (RW Data + ZI Data)             17856 (  17.44kB)
    Total ROM Size (Code + RO Data + RW Data)      27500 (  26.86kB)

==============================================================================

